This is pdfTeX, Version 3.141592653-2.6-1.40.24 (MiKTeX 22.1) (preloaded format=pdflatex 2024.11.16)  29 SEP 2026 20:42
entering extended mode
 restricted \write18 enabled.
 %&-line parsing enabled.
**./method_case118.tex
(method_case118.tex
LaTeX2e <2024-11-01>
L3 programming layer <2024-11-02>

(/Users/parthbrahmbhatt/Library/Application Support/MiKTeX/texmfs/install/tex/l
atex/base/article.cls
Document Class: article 2024/06/29 v1.4n Standard LaTeX document class

(/Users/parthbrahmbhatt/Library/Application Support/MiKTeX/texmfs/install/tex/l
atex/base/size11.clo
File: size11.clo 2024/06/29 v1.4n Standard LaTeX file (size option)
)
\c@part=\count196
\c@section=\count197
\c@subsection=\count198
\c@subsubsection=\count199
\c@paragraph=\count266
\c@subparagraph=\count267
\c@figure=\count268
\c@table=\count269
\abovecaptionskip=\skip49
\belowcaptionskip=\skip50
\bibindent=\dimen141
)
(/Users/parthbrahmbhatt/Library/Application Support/MiKTeX/texmfs/install/tex/l
atex/geometry/geometry.sty
Package: geometry 2020/01/02 v5.9 Page Geometry

(/Users/parthbrahmbhatt/Library/Application Support/MiKTeX/texmfs/install/tex/l
atex/graphics/keyval.sty
Package: keyval 2022/05/29 v1.15 key=value parser (DPC)
\KV@toks@=\toks17
)
(/Users/parthbrahmbhatt/Library/Application Support/MiKTeX/texmfs/install/tex/g
eneric/iftex/ifvtex.sty
Package: ifvtex 2019/10/25 v1.7 ifvtex legacy package. Use iftex instead.

(/Users/parthbrahmbhatt/Library/Application Support/MiKTeX/texmfs/install/tex/g
eneric/iftex/iftex.sty
Package: iftex 2022/02/03 v1.0f TeX engine tests
))
\Gm@cnth=\count270
\Gm@cntv=\count271
\c@Gm@tempcnt=\count272
\Gm@bindingoffset=\dimen142
\Gm@wd@mp=\dimen143
\Gm@odd@mp=\dimen144
\Gm@even@mp=\dimen145
\Gm@layoutwidth=\dimen146
\Gm@layoutheight=\dimen147
\Gm@layouthoffset=\dimen148
\Gm@layoutvoffset=\dimen149
\Gm@dimlist=\toks18

(/Users/parthbrahmbhatt/Library/Application Support/MiKTeX/texmfs/install/tex/l
atex/geometry/geometry.cfg))
(/Users/parthbrahmbhatt/Library/Application Support/MiKTeX/texmfs/install/tex/l
atex/amsmath/amsmath.sty
Package: amsmath 2024/11/05 v2.17t AMS math features
\@mathmargin=\skip51

For additional information on amsmath, use the `?' option.

(/Users/parthbrahmbhatt/Library/Application Support/MiKTeX/texmfs/install/tex/l
atex/amsmath/amstext.sty
Package: amstext 2021/08/26 v2.01 AMS text

(/Users/parthbrahmbhatt/Library/Application Support/MiKTeX/texmfs/install/tex/l
atex/amsmath/amsgen.sty
File: amsgen.sty 1999/11/30 v2.0 generic functions
\@emptytoks=\toks19
\ex@=\dimen150
))
(/Users/parthbrahmbhatt/Library/Application Support/MiKTeX/texmfs/install/tex/l
atex/amsmath/amsbsy.sty
Package: amsbsy 1999/11/29 v1.2d Bold Symbols
\pmbraise@=\dimen151
)
(/Users/parthbrahmbhatt/Library/Application Support/MiKTeX/texmfs/install/tex/l
atex/amsmath/amsopn.sty
Package: amsopn 2022/04/08 v2.04 operator names
)
\inf@bad=\count273
LaTeX Info: Redefining \frac on input line 233.
\uproot@=\count274
\leftroot@=\count275
LaTeX Info: Redefining \overline on input line 398.
LaTeX Info: Redefining \colon on input line 409.
\classnum@=\count276
\DOTSCASE@=\count277
LaTeX Info: Redefining \ldots on input line 495.
LaTeX Info: Redefining \dots on input line 498.
LaTeX Info: Redefining \cdots on input line 619.
\Mathstrutbox@=\box52
\strutbox@=\box53
LaTeX Info: Redefining \big on input line 721.
LaTeX Info: Redefining \Big on input line 722.
LaTeX Info: Redefining \bigg on input line 723.
LaTeX Info: Redefining \Bigg on input line 724.
\big@size=\dimen152
LaTeX Font Info:    Redeclaring font encoding OML on input line 742.
LaTeX Font Info:    Redeclaring font encoding OMS on input line 743.
\macc@depth=\count278
LaTeX Info: Redefining \bmod on input line 904.
LaTeX Info: Redefining \pmod on input line 909.
LaTeX Info: Redefining \smash on input line 939.
LaTeX Info: Redefining \relbar on input line 969.
LaTeX Info: Redefining \Relbar on input line 970.
\c@MaxMatrixCols=\count279
\dotsspace@=\muskip17
\c@parentequation=\count280
\dspbrk@lvl=\count281
\tag@help=\toks20
\row@=\count282
\column@=\count283
\maxfields@=\count284
\andhelp@=\toks21
\eqnshift@=\dimen153
\alignsep@=\dimen154
\tagshift@=\dimen155
\tagwidth@=\dimen156
\totwidth@=\dimen157
\lineht@=\dimen158
\@envbody=\toks22
\multlinegap=\skip52
\multlinetaggap=\skip53
\mathdisplay@stack=\toks23
LaTeX Info: Redefining \[ on input line 2953.
LaTeX Info: Redefining \] on input line 2954.
)
(/Users/parthbrahmbhatt/Library/Application Support/MiKTeX/texmfs/install/tex/l
atex/amsfonts/amssymb.sty
Package: amssymb 2013/01/14 v3.01 AMS font symbols

(/Users/parthbrahmbhatt/Library/Application Support/MiKTeX/texmfs/install/tex/l
atex/amsfonts/amsfonts.sty
Package: amsfonts 2013/01/14 v3.01 Basic AMSFonts support
\symAMSa=\mathgroup4
\symAMSb=\mathgroup5
LaTeX Font Info:    Redeclaring math symbol \hbar on input line 98.
LaTeX Font Info:    Overwriting math alphabet `\mathfrak' in version `bold'
(Font)                  U/euf/m/n --> U/euf/b/n on input line 106.
))
(/Users/parthbrahmbhatt/Library/Application Support/MiKTeX/texmfs/install/tex/l
atex/booktabs/booktabs.sty
Package: booktabs 2020/01/12 v1.61803398 Publication quality tables
\heavyrulewidth=\dimen159
\lightrulewidth=\dimen160
\cmidrulewidth=\dimen161
\belowrulesep=\dimen162
\belowbottomsep=\dimen163
\aboverulesep=\dimen164
\abovetopsep=\dimen165
\cmidrulesep=\dimen166
\cmidrulekern=\dimen167
\defaultaddspace=\dimen168
\@cmidla=\count285
\@cmidlb=\count286
\@aboverulesep=\dimen169
\@belowrulesep=\dimen170
\@thisruleclass=\count287
\@lastruleclass=\count288
\@thisrulewidth=\dimen171
)
(/Users/parthbrahmbhatt/Library/Application Support/MiKTeX/texmfs/install/tex/l
atex/graphics/graphicx.sty
Package: graphicx 2021/09/16 v1.2d Enhanced LaTeX Graphics (DPC,SPQR)

(/Users/parthbrahmbhatt/Library/Application Support/MiKTeX/texmfs/install/tex/l
atex/graphics/graphics.sty
Package: graphics 2024/08/06 v1.4g Standard LaTeX Graphics (DPC,SPQR)

(/Users/parthbrahmbhatt/Library/Application Support/MiKTeX/texmfs/install/tex/l
atex/graphics/trig.sty
Package: trig 2023/12/02 v1.11 sin cos tan (DPC)
)
(/Users/parthbrahmbhatt/Library/Application Support/MiKTeX/texmfs/install/tex/l
atex/graphics-cfg/graphics.cfg
File: graphics.cfg 2016/06/04 v1.11 sample graphics configuration
)
Package graphics Info: Driver file: pdftex.def on input line 106.

(/Users/parthbrahmbhatt/Library/Application Support/MiKTeX/texmfs/install/tex/l
atex/graphics-def/pdftex.def
File: pdftex.def 2024/04/13 v1.2c Graphics/color driver for pdftex
))
\Gin@req@height=\dimen172
\Gin@req@width=\dimen173
)
(/Users/parthbrahmbhatt/Library/Application Support/MiKTeX/texmfs/install/tex/l
atex/microtype/microtype.sty
Package: microtype 2026/03/01 v3.2d Micro-typographical refinements (RS)

(/Users/parthbrahmbhatt/Library/Application Support/MiKTeX/texmfs/install/tex/l
atex/etoolbox/etoolbox.sty
Package: etoolbox 2020/10/05 v2.5k e-TeX tools for LaTeX (JAW)
\etb@tempcnta=\count289
)
\MT@toks=\toks24
\MT@tempbox=\box54
\MT@count=\count290
LaTeX Info: Redefining \noprotrusionifhmode on input line 1084.
LaTeX Info: Redefining \leftprotrusion on input line 1085.
\MT@prot@toks=\toks25
LaTeX Info: Redefining \rightprotrusion on input line 1104.
LaTeX Info: Redefining \textls on input line 1449.
\MT@outer@kern=\dimen174
LaTeX Info: Redefining \microtypecontext on input line 2053.
LaTeX Info: Redefining \textmicrotypecontext on input line 2070.
\MT@listname@count=\count291

(/Users/parthbrahmbhatt/Library/Application Support/MiKTeX/texmfs/install/tex/l
atex/microtype/microtype-pdftex.def
File: microtype-pdftex.def 2026/03/01 v3.2d Definitions specific to pdftex (RS)

LaTeX Info: Redefining \lsstyle on input line 944.
LaTeX Info: Redefining \lslig on input line 944.
\MT@outer@space=\skip54
)
Package microtype Info: Loading configuration file microtype.cfg.

(/Users/parthbrahmbhatt/Library/Application Support/MiKTeX/texmfs/install/tex/l
atex/microtype/microtype.cfg
File: microtype.cfg 2026/03/01 v3.2d microtype main configuration file (RS)
)
LaTeX Info: Redefining \microtypesetup on input line 3065.
)
(/Users/parthbrahmbhatt/Library/Application Support/MiKTeX/texmfs/install/tex/l
atex/hyperref/hyperref.sty
Package: hyperref 2024-11-05 v7.01l Hypertext links for LaTeX

(/Users/parthbrahmbhatt/Library/Application Support/MiKTeX/texmfs/install/tex/l
atex/kvsetkeys/kvsetkeys.sty
Package: kvsetkeys 2022-10-05 v1.19 Key value parser (HO)
)
(/Users/parthbrahmbhatt/Library/Application Support/MiKTeX/texmfs/install/tex/g
eneric/kvdefinekeys/kvdefinekeys.sty
Package: kvdefinekeys 2019-12-19 v1.6 Define keys (HO)
)
(/Users/parthbrahmbhatt/Library/Application Support/MiKTeX/texmfs/install/tex/g
eneric/pdfescape/pdfescape.sty
Package: pdfescape 2019/12/09 v1.15 Implements pdfTeX's escape features (HO)

(/Users/parthbrahmbhatt/Library/Application Support/MiKTeX/texmfs/install/tex/g
eneric/ltxcmds/ltxcmds.sty
Package: ltxcmds 2023-12-04 v1.26 LaTeX kernel commands for general use (HO)
)
(/Users/parthbrahmbhatt/Library/Application Support/MiKTeX/texmfs/install/tex/g
eneric/pdftexcmds/pdftexcmds.sty
Package: pdftexcmds 2020-06-27 v0.33 Utility functions of pdfTeX for LuaTeX (HO
)

(/Users/parthbrahmbhatt/Library/Application Support/MiKTeX/texmfs/install/tex/g
eneric/infwarerr/infwarerr.sty
Package: infwarerr 2019/12/03 v1.5 Providing info/warning/error messages (HO)
)
Package pdftexcmds Info: \pdf@primitive is available.
Package pdftexcmds Info: \pdf@ifprimitive is available.
Package pdftexcmds Info: \pdfdraftmode found.
))
(/Users/parthbrahmbhatt/Library/Application Support/MiKTeX/texmfs/install/tex/l
atex/hycolor/hycolor.sty
Package: hycolor 2020-01-27 v1.10 Color options for hyperref/bookmark (HO)
)
(/Users/parthbrahmbhatt/Library/Application Support/MiKTeX/texmfs/install/tex/l
atex/hyperref/nameref.sty
Package: nameref 2023-11-26 v2.56 Cross-referencing by name of section

(/Users/parthbrahmbhatt/Library/Application Support/MiKTeX/texmfs/install/tex/l
atex/refcount/refcount.sty
Package: refcount 2019/12/15 v3.6 Data extraction from label references (HO)
)
(/Users/parthbrahmbhatt/Library/Application Support/MiKTeX/texmfs/install/tex/g
eneric/gettitlestring/gettitlestring.sty
Package: gettitlestring 2019/12/15 v1.6 Cleanup title references (HO)

(/Users/parthbrahmbhatt/Library/Application Support/MiKTeX/texmfs/install/tex/l
atex/kvoptions/kvoptions.sty
Package: kvoptions 2022-06-15 v3.15 Key value format for package options (HO)
))
\c@section@level=\count292
)
(/Users/parthbrahmbhatt/Library/Application Support/MiKTeX/texmfs/install/tex/g
eneric/stringenc/stringenc.sty
Package: stringenc 2019/11/29 v1.12 Convert strings between diff. encodings (HO
)
)
\@linkdim=\dimen175
\Hy@linkcounter=\count293
\Hy@pagecounter=\count294

(/Users/parthbrahmbhatt/Library/Application Support/MiKTeX/texmfs/install/tex/l
atex/hyperref/pd1enc.def
File: pd1enc.def 2024-11-05 v7.01l Hyperref: PDFDocEncoding definition (HO)
Now handling font encoding PD1 ...
... no UTF-8 mapping file for font encoding PD1
)
(/Users/parthbrahmbhatt/Library/Application Support/MiKTeX/texmfs/install/tex/g
eneric/intcalc/intcalc.sty
Package: intcalc 2019/12/15 v1.3 Expandable calculations with integers (HO)
)
\Hy@SavedSpaceFactor=\count295

(/Users/parthbrahmbhatt/Library/Application Support/MiKTeX/texmfs/install/tex/l
atex/hyperref/puenc.def
File: puenc.def 2024-11-05 v7.01l Hyperref: PDF Unicode definition (HO)
Now handling font encoding PU ...
... no UTF-8 mapping file for font encoding PU
)
Package hyperref Info: Hyper figures OFF on input line 4157.
Package hyperref Info: Link nesting OFF on input line 4162.
Package hyperref Info: Hyper index ON on input line 4165.
Package hyperref Info: Plain pages OFF on input line 4172.
Package hyperref Info: Backreferencing OFF on input line 4177.
Package hyperref Info: Implicit mode ON; LaTeX internals redefined.
Package hyperref Info: Bookmarks ON on input line 4424.
\c@Hy@tempcnt=\count296

(/Users/parthbrahmbhatt/Library/Application Support/MiKTeX/texmfs/install/tex/l
atex/url/url.sty
\Urlmuskip=\muskip18
Package: url 2013/09/16  ver 3.4  Verb mode for urls, etc.
)
LaTeX Info: Redefining \url on input line 4763.
\XeTeXLinkMargin=\dimen176

(/Users/parthbrahmbhatt/Library/Application Support/MiKTeX/texmfs/install/tex/g
eneric/bitset/bitset.sty
Package: bitset 2019/12/09 v1.3 Handle bit-vector datatype (HO)

(/Users/parthbrahmbhatt/Library/Application Support/MiKTeX/texmfs/install/tex/g
eneric/bigintcalc/bigintcalc.sty
Package: bigintcalc 2019/12/15 v1.5 Expandable calculations on big integers (HO
)
))
\Fld@menulength=\count297
\Field@Width=\dimen177
\Fld@charsize=\dimen178
Package hyperref Info: Hyper figures OFF on input line 6042.
Package hyperref Info: Link nesting OFF on input line 6047.
Package hyperref Info: Hyper index ON on input line 6050.
Package hyperref Info: backreferencing OFF on input line 6057.
Package hyperref Info: Link coloring OFF on input line 6062.
Package hyperref Info: Link coloring with OCG OFF on input line 6067.
Package hyperref Info: PDF/A mode OFF on input line 6072.

(/Users/parthbrahmbhatt/Library/Application Support/MiKTeX/texmfs/install/tex/l
atex/base/atbegshi-ltx.sty
Package: atbegshi-ltx 2021/01/10 v1.0c Emulation of the original atbegshi
package with kernel methods
)
\Hy@abspage=\count298
\c@Item=\count299
\c@Hfootnote=\count300
)
Package hyperref Info: Driver (autodetected): hpdftex.

(/Users/parthbrahmbhatt/Library/Application Support/MiKTeX/texmfs/install/tex/l
atex/hyperref/hpdftex.def
File: hpdftex.def 2024-11-05 v7.01l Hyperref driver for pdfTeX

(/Users/parthbrahmbhatt/Library/Application Support/MiKTeX/texmfs/install/tex/l
atex/base/atveryend-ltx.sty
Package: atveryend-ltx 2020/08/19 v1.0a Emulation of the original atveryend pac
kage
with kernel methods
)
\Fld@listcount=\count301
\c@bookmark@seq@number=\count302

(/Users/parthbrahmbhatt/Library/Application Support/MiKTeX/texmfs/install/tex/l
atex/rerunfilecheck/rerunfilecheck.sty
Package: rerunfilecheck 2022-07-10 v1.10 Rerun checks for auxiliary files (HO)

(/Users/parthbrahmbhatt/Library/Application Support/MiKTeX/texmfs/install/tex/g
eneric/uniquecounter/uniquecounter.sty
Package: uniquecounter 2019/12/15 v1.4 Provide unlimited unique counter (HO)
)
Package uniquecounter Info: New unique counter `rerunfilecheck' on input line 2
85.
)
\Hy@SectionHShift=\skip55
)
(/Users/parthbrahmbhatt/Library/Application Support/MiKTeX/texmfs/install/tex/l
atex/algorithms/algorithm.sty
Package: algorithm 2009/08/24 v0.1 Document Style `algorithm' - floating enviro
nment

(/Users/parthbrahmbhatt/Library/Application Support/MiKTeX/texmfs/install/tex/l
atex/float/float.sty
Package: float 2001/11/08 v1.3d Float enhancements (AL)
\c@float@type=\count303
\float@exts=\toks26
\float@box=\box55
\@float@everytoks=\toks27
\@floatcapt=\box56
)
(/Users/parthbrahmbhatt/Library/Application Support/MiKTeX/texmfs/install/tex/l
atex/base/ifthen.sty
Package: ifthen 2024/03/16 v1.1e Standard LaTeX ifthen package (DPC)
)
\@float@every@algorithm=\toks28
\c@algorithm=\count304
)
(/Users/parthbrahmbhatt/Library/Application Support/MiKTeX/texmfs/install/tex/l
atex/algorithmicx/algpseudocode.sty
Package: algpseudocode 

(/Users/parthbrahmbhatt/Library/Application Support/MiKTeX/texmfs/install/tex/l
atex/algorithmicx/algorithmicx.sty
Package: algorithmicx 2005/04/27 v1.2 Algorithmicx

Document Style algorithmicx 1.2 - a greatly improved `algorithmic' style
\c@ALG@line=\count305
\c@ALG@rem=\count306
\c@ALG@nested=\count307
\ALG@tlm=\skip56
\ALG@thistlm=\skip57
\c@ALG@Lnr=\count308
\c@ALG@blocknr=\count309
\c@ALG@storecount=\count310
\c@ALG@tmpcounter=\count311
\ALG@tmplength=\skip58
)
Document Style - pseudocode environments for use with the `algorithmicx' style
)
(/Users/parthbrahmbhatt/Library/Application Support/MiKTeX/texmfs/install/tex/l
atex/caption/caption.sty
Package: caption 2023/08/05 v3.6o Customizing captions (AR)

(/Users/parthbrahmbhatt/Library/Application Support/MiKTeX/texmfs/install/tex/l
atex/caption/caption3.sty
Package: caption3 2023/07/31 v2.4d caption3 kernel (AR)
\caption@tempdima=\dimen179
\captionmargin=\dimen180
\caption@leftmargin=\dimen181
\caption@rightmargin=\dimen182
\caption@width=\dimen183
\caption@indent=\dimen184
\caption@parindent=\dimen185
\caption@hangindent=\dimen186
Package caption Info: Standard document class detected.
)
\c@caption@flags=\count312
\c@continuedfloat=\count313
Package caption Info: float package is loaded.
Package caption Info: hyperref package is loaded.
)
(/Users/parthbrahmbhatt/Library/Application Support/MiKTeX/texmfs/install/tex/l
atex/l3backend/l3backend-pdftex.def
File: l3backend-pdftex.def 2024-05-08 L3 backend support: PDF output (pdfTeX)
\l__color_backend_stack_int=\count314
\l__pdf_internal_box=\box57
) (method_case118.aux)
\openout1 = `method_case118.aux'.

LaTeX Font Info:    Checking defaults for OML/cmm/m/it on input line 14.
LaTeX Font Info:    ... okay on input line 14.
LaTeX Font Info:    Checking defaults for OMS/cmsy/m/n on input line 14.
LaTeX Font Info:    ... okay on input line 14.
LaTeX Font Info:    Checking defaults for OT1/cmr/m/n on input line 14.
LaTeX Font Info:    ... okay on input line 14.
LaTeX Font Info:    Checking defaults for T1/cmr/m/n on input line 14.
LaTeX Font Info:    ... okay on input line 14.
LaTeX Font Info:    Checking defaults for TS1/cmr/m/n on input line 14.
LaTeX Font Info:    ... okay on input line 14.
LaTeX Font Info:    Checking defaults for OMX/cmex/m/n on input line 14.
LaTeX Font Info:    ... okay on input line 14.
LaTeX Font Info:    Checking defaults for U/cmr/m/n on input line 14.
LaTeX Font Info:    ... okay on input line 14.
LaTeX Font Info:    Checking defaults for PD1/pdf/m/n on input line 14.
LaTeX Font Info:    ... okay on input line 14.
LaTeX Font Info:    Checking defaults for PU/pdf/m/n on input line 14.
LaTeX Font Info:    ... okay on input line 14.

*geometry* driver: auto-detecting
*geometry* detected driver: pdftex
*geometry* verbose mode - [ preamble ] result:
* driver: pdftex
* paper: <default>
* layout: <same size as paper>
* layoutoffset:(h,v)=(0.0pt,0.0pt)
* modes: 
* h-part:(L,W,R)=(72.26999pt, 469.75502pt, 72.26999pt)
* v-part:(T,H,B)=(72.26999pt, 650.43001pt, 72.26999pt)
* \paperwidth=614.295pt
* \paperheight=794.96999pt
* \textwidth=469.75502pt
* \textheight=650.43001pt
* \oddsidemargin=0.0pt
* \evensidemargin=0.0pt
* \topmargin=-37.0pt
* \headheight=12.0pt
* \headsep=25.0pt
* \topskip=11.0pt
* \footskip=30.0pt
* \marginparwidth=59.0pt
* \marginparsep=10.0pt
* \columnsep=10.0pt
* \skip\footins=10.0pt plus 4.0pt minus 2.0pt
* \hoffset=0.0pt
* \voffset=0.0pt
* \mag=1000
* \@twocolumnfalse
* \@twosidefalse
* \@mparswitchfalse
* \@reversemarginfalse
* (1in=72.27pt=25.4mm, 1cm=28.453pt)


(/Users/parthbrahmbhatt/Library/Application Support/MiKTeX/texmfs/install/tex/c
ontext/base/mkii/supp-pdf.mkii
[Loading MPS to PDF converter (version 2006.09.02).]
\scratchcounter=\count315
\scratchdimen=\dimen187
\scratchbox=\box58
\nofMPsegments=\count316
\nofMParguments=\count317
\everyMPshowfont=\toks29
\MPscratchCnt=\count318
\MPscratchDim=\dimen188
\MPnumerator=\count319
\makeMPintoPDFobject=\count320
\everyMPtoPDFconversion=\toks30
)
(/Users/parthbrahmbhatt/Library/Application Support/MiKTeX/texmfs/install/tex/l
atex/epstopdf-pkg/epstopdf-base.sty
Package: epstopdf-base 2020-01-24 v2.11 Base part for package epstopdf
Package epstopdf-base Info: Redefining graphics rule for `.eps' on input line 4
85.

(/Users/parthbrahmbhatt/Library/Application Support/MiKTeX/texmfs/install/tex/l
atex/00miktex/epstopdf-sys.cfg
File: epstopdf-sys.cfg 2021/03/18 v2.0 Configuration of epstopdf for MiKTeX
))
LaTeX Info: Redefining \microtypecontext on input line 14.
Package microtype Info: Applying patch `item' on input line 14.
Package microtype Info: Applying patch `toc' on input line 14.
Package microtype Info: Applying patch `eqnum' on input line 14.
Package microtype Info: Applying patch `footnote' on input line 14.
Package microtype Info: Applying patch `verbatim' on input line 14.
LaTeX Info: Redefining \microtypesetup on input line 14.
Package microtype Info: Generating PDF output.
Package microtype Info: Character protrusion enabled (level 2).
Package microtype Info: Using default protrusion set `alltext'.
Package microtype Info: Automatic font expansion enabled (level 2),
(microtype)             stretch: 20, shrink: 20, step: 1, non-selected.
Package microtype Info: Using default expansion set `alltext-nott'.
Package microtype Info: Patching command `\showhyphens'.
Package microtype Info: No adjustment of tracking.
Package microtype Info: No adjustment of interword spacing.
Package microtype Info: No adjustment of character kerning.

(/Users/parthbrahmbhatt/Library/Application Support/MiKTeX/texmfs/install/tex/l
atex/microtype/mt-cmr.cfg
File: mt-cmr.cfg 2013/05/19 v2.2 microtype config. file: Computer Modern Roman 
(RS)
)
Package hyperref Info: Link coloring OFF on input line 14.
 (method_case118.out) (method_case118.out)
\@outlinefile=\write3
\openout3 = `method_case118.out'.

Package caption Info: Begin \AtBeginDocument code.
Package caption Info: End \AtBeginDocument code.
LaTeX Font Info:    Trying to load font information for U+msa on input line 14.


(/Users/parthbrahmbhatt/Library/Application Support/MiKTeX/texmfs/install/tex/l
atex/amsfonts/umsa.fd
File: umsa.fd 2013/01/14 v3.01 AMS symbols A
)
(/Users/parthbrahmbhatt/Library/Application Support/MiKTeX/texmfs/install/tex/l
atex/microtype/mt-msa.cfg
File: mt-msa.cfg 2006/02/04 v1.1 microtype config. file: AMS symbols (a) (RS)
)
LaTeX Font Info:    Trying to load font information for U+msb on input line 14.


(/Users/parthbrahmbhatt/Library/Application Support/MiKTeX/texmfs/install/tex/l
atex/amsfonts/umsb.fd
File: umsb.fd 2013/01/14 v3.01 AMS symbols B
)
(/Users/parthbrahmbhatt/Library/Application Support/MiKTeX/texmfs/install/tex/l
atex/microtype/mt-msb.cfg
File: mt-msb.cfg 2005/06/01 v1.0 microtype config. file: AMS symbols (b) (RS)
)

[1

{/Users/parthbrahmbhatt/Library/Application Support/MiKTeX/texmfs/data/fonts/ma
p/pdftex/pdftex.map}]
Package hyperref Info: bookmark level for unknown algorithm defaults to 0 on in
put line 86.


[2]
LaTeX Font Info:    Font shape `OT1/cmtt/bx/n' in size <10> not available
(Font)              Font shape `OT1/cmtt/m/n' tried instead on input line 169.


[3]
<../results/FINAL_case118.png, id=73, 1237.51747pt x 374.10353pt>
File: ../results/FINAL_case118.png Graphic file (type png)
<use ../results/FINAL_case118.png>
Package pdftex.def Info: ../results/FINAL_case118.png  used on input line 231.
(pdftex.def)             Requested size: 469.75502pt x 142.00668pt.
<../results/FINAL_case300.png, id=75, 1237.51747pt x 374.10353pt>
File: ../results/FINAL_case300.png Graphic file (type png)
<use ../results/FINAL_case300.png>
Package pdftex.def Info: ../results/FINAL_case300.png  used on input line 238.
(pdftex.def)             Requested size: 469.75502pt x 142.00668pt.


[4 <../results/FINAL_case118.png> <../results/FINAL_case300.png>]

[5] (method_case118.aux)
 ***********
LaTeX2e <2024-11-01>
L3 programming layer <2024-11-02>
 ***********
Package rerunfilecheck Info: File `method_case118.out' has not changed.
(rerunfilecheck)             Checksum: 44872DCBB429DB100F584197BA6C4AE5;440.
 ) 
Here is how much of TeX's memory you used:
 14426 strings out of 475616
 235885 string characters out of 5767970
 668288 words of memory out of 5000000
 36902 multiletter control sequences out of 15000+600000
 575485 words of font info for 165 fonts, out of 8000000 for 9000
 0 hyphenation exceptions out of 8191
 75i,10n,79p,1036b,488s stack positions out of 10000i,1000n,20000p,200000b,200000s
</Users/parthbrahmbhatt/Library/Application Support/MiKTeX/texmfs/install/fon
ts/type1/public/amsfonts/cm/cmbx10.pfb></Users/parthbrahmbhatt/Library/Applicat
ion Support/MiKTeX/texmfs/install/fonts/type1/public/amsfonts/cm/cmbx12.pfb></U
sers/parthbrahmbhatt/Library/Application Support/MiKTeX/texmfs/install/fonts/ty
pe1/public/amsfonts/cm/cmcsc10.pfb></Users/parthbrahmbhatt/Library/Application 
Support/MiKTeX/texmfs/install/fonts/type1/public/amsfonts/cm/cmex10.pfb></Users
/parthbrahmbhatt/Library/Application Support/MiKTeX/texmfs/install/fonts/type1/
public/amsfonts/cm/cmmi10.pfb></Users/parthbrahmbhatt/Library/Application Suppo
rt/MiKTeX/texmfs/install/fonts/type1/public/amsfonts/cm/cmmi7.pfb></Users/parth
brahmbhatt/Library/Application Support/MiKTeX/texmfs/install/fonts/type1/public
/amsfonts/cm/cmmi8.pfb></Users/parthbrahmbhatt/Library/Application Support/MiKT
eX/texmfs/install/fonts/type1/public/amsfonts/cm/cmr10.pfb></Users/parthbrahmbh
att/Library/Application Support/MiKTeX/texmfs/install/fonts/type1/public/amsfon
ts/cm/cmr17.pfb></Users/parthbrahmbhatt/Library/Application Support/MiKTeX/texm
fs/install/fonts/type1/public/amsfonts/cm/cmr7.pfb></Users/parthbrahmbhatt/Libr
ary/Application Support/MiKTeX/texmfs/install/fonts/type1/public/amsfonts/cm/cm
r8.pfb></Users/parthbrahmbhatt/Library/Application Support/MiKTeX/texmfs/instal
l/fonts/type1/public/amsfonts/cm/cmr9.pfb></Users/parthbrahmbhatt/Library/Appli
cation Support/MiKTeX/texmfs/install/fonts/type1/public/amsfonts/cm/cmsy10.pfb>
</Users/parthbrahmbhatt/Library/Application Support/MiKTeX/texmfs/install/fonts
/type1/public/amsfonts/cm/cmsy8.pfb></Users/parthbrahmbhatt/Library/Application
 Support/MiKTeX/texmfs/install/fonts/type1/public/amsfonts/cm/cmti10.pfb></User
s/parthbrahmbhatt/Library/Application Support/MiKTeX/texmfs/install/fonts/type1
/public/amsfonts/cm/cmtt10.pfb></Users/parthbrahmbhatt/Library/Application Supp
ort/MiKTeX/texmfs/install/fonts/type1/public/amsfonts/symbols/msbm10.pfb>
Output written on method_case118.pdf (5 pages, 698447 bytes).
PDF statistics:
 169 PDF objects out of 1000 (max. 8388607)
 33 named destinations out of 1000 (max. 500000)
 42035 words of extra memory for PDF output out of 42996 (max. 10000000)

