numba cannot be imported and numba functions are disabled.
Probably the execution is slow.
Please install numba to gain a massive speedup.
(or if you prefer slow execution, set the flag numba=False to avoid this warning!)
[setup] case118: 118 bus, 54 gen, 186 branch | 24 train / 8 test | K=8 cuts
[setup] demand 34.0-48.6 pu, CV 10.30%
[ref ] cached /Users/parthbrahmbhatt/Library/CloudStorage/OneDrive-UW-Madison/All_Sem_@_UW/Sem6_spring2026/MINLP/Project/PyEPO/qcac_clean/results/ref_case118_s0_n32.npz
[ref ] 32/32 solved, 16 distinct commitments, mean 152.1s, mean units 14.6
numba cannot be imported and numba functions are disabled.
Probably the execution is slow.
Please install numba to gain a massive speedup.
(or if you prefer slow execution, set the flag numba=False to avoid this warning!)
numba cannot be imported and numba functions are disabled.
Probably the execution is slow.
Please install numba to gain a massive speedup.
(or if you prefer slow execution, set the flag numba=False to avoid this warning!)
numba cannot be imported and numba functions are disabled.
Probably the execution is slow.
Please install numba to gain a massive speedup.
(or if you prefer slow execution, set the flag numba=False to avoid this warning!)
numba cannot be imported and numba functions are disabled.
Probably the execution is slow.
Please install numba to gain a massive speedup.
(or if you prefer slow execution, set the flag numba=False to avoid this warning!)
numba cannot be imported and numba functions are disabled.
Probably the execution is slow.
Please install numba to gain a massive speedup.
(or if you prefer slow execution, set the flag numba=False to avoid this warning!)
numba cannot be imported and numba functions are disabled.
Probably the execution is slow.
Please install numba to gain a massive speedup.
(or if you prefer slow execution, set the flag numba=False to avoid this warning!)

[BASE] flat V, no cuts: gap +10.885% (max +14.071%)  agree 56.9%  1.10s/inst  fail 0/8   [2s]

[net ] 189,780 params | smoothed grad, sigma=0.05, pairs=2 | ARM=cuts (V FLAT, cuts on)
[ep   0] train gap +11.057%  fail 0/24  |g| 1.54e-01   22.7s
[ep   5] train gap +11.140%  fail 0/24  |g| 1.63e-01   12.4s
[ep  10] train gap +11.167%  fail 0/24  |g| 1.56e-01   28.5s
[ep  15] train gap +11.145%  fail 0/24  |g| 1.27e-01   13.2s
[ep  20] train gap +11.056%  fail 0/24  |g| 1.67e-01   16.5s
[ep  25] train gap +11.042%  fail 0/24  |g| 1.50e-01   26.1s
[ep  30] train gap +11.140%  fail 0/24  |g| 1.52e-01   23.3s
[ep  35] train gap +11.140%  fail 0/24  |g| 1.59e-01   17.4s
[ep  40] train gap +11.142%  fail 0/24  |g| 1.68e-01   21.0s
[ep  45] train gap +10.940%  fail 0/24  |g| 1.58e-01   10.8s
[ep  50] train gap +10.894%  fail 0/24  |g| 1.42e-01   14.1s
[ep  55] train gap +10.895%  fail 0/24  |g| 1.41e-01   17.4s
[ep  59] train gap +10.914%  fail 0/24  |g| 1.57e-01   17.4s

==================================================================
[TEST] reference = QCAC iterative (== global MINLP)
  baseline  flat V, no cuts        gap +10.885%  agree  56.9%  fail 0/8
  learned   arm=cuts               gap +11.265%  agree  56.5%  fail 0/8
  best train gap +10.808%
==================================================================
