numba cannot be imported and numba functions are disabled.
Probably the execution is slow.
Please install numba to gain a massive speedup.
(or if you prefer slow execution, set the flag numba=False to avoid this warning!)
[setup] case300: 151 inst, 111 train / 40 test | K=1 interleaved tiers, sizes [69] | HARD cuts
numba cannot be imported and numba functions are disabled.
Probably the execution is slow.
Please install numba to gain a massive speedup.
(or if you prefer slow execution, set the flag numba=False to avoid this warning!)
numba cannot be imported and numba functions are disabled.
Probably the execution is slow.
Please install numba to gain a massive speedup.
(or if you prefer slow execution, set the flag numba=False to avoid this warning!)
numba cannot be imported and numba functions are disabled.
Probably the execution is slow.
Please install numba to gain a massive speedup.
(or if you prefer slow execution, set the flag numba=False to avoid this warning!)
numba cannot be imported and numba functions are disabled.
Probably the execution is slow.
Please install numba to gain a massive speedup.
(or if you prefer slow execution, set the flag numba=False to avoid this warning!)
numba cannot be imported and numba functions are disabled.
Probably the execution is slow.
Please install numba to gain a massive speedup.
(or if you prefer slow execution, set the flag numba=False to avoid this warning!)
numba cannot be imported and numba functions are disabled.
Probably the execution is slow.
Please install numba to gain a massive speedup.
(or if you prefer slow execution, set the flag numba=False to avoid this warning!)
numba cannot be imported and numba functions are disabled.
Probably the execution is slow.
Please install numba to gain a massive speedup.
(or if you prefer slow execution, set the flag numba=False to avoid this warning!)
numba cannot be imported and numba functions are disabled.
Probably the execution is slow.
Please install numba to gain a massive speedup.
(or if you prefer slow execution, set the flag numba=False to avoid this warning!)
numba cannot be imported and numba functions are disabled.
Probably the execution is slow.
Please install numba to gain a massive speedup.
(or if you prefer slow execution, set the flag numba=False to avoid this warning!)
numba cannot be imported and numba functions are disabled.
Probably the execution is slow.
Please install numba to gain a massive speedup.
(or if you prefer slow execution, set the flag numba=False to avoid this warning!)
numba cannot be imported and numba functions are disabled.
Probably the execution is slow.
Please install numba to gain a massive speedup.
(or if you prefer slow execution, set the flag numba=False to avoid this warning!)
numba cannot be imported and numba functions are disabled.
Probably the execution is slow.
Please install numba to gain a massive speedup.
(or if you prefer slow execution, set the flag numba=False to avoid this warning!)
[net ] 374,105 params | outputs 601
[BASE] flat V, no cut: gap +2.155%  discrete 26.63%  n=40

[ep   0] train gap  +3.659%  fail 0/111  203.7s  counts [48.3] sd [0.01]
[ep   5] train gap  +2.517%  fail 0/111  184.7s  counts [47.2] sd [1.53]
[ep  10] train gap  +1.659%  fail 0/111  146.9s  counts [43.5] sd [7.23]
[ep  15] train gap  +1.284%  fail 0/111  188.8s  counts [45.1] sd [6.3]
[ep  20] train gap  +1.120%  fail 0/111  184.1s  counts [46.9] sd [6.13]
[ep  25] train gap  +0.658%  fail 0/111  159.2s  counts [46.3] sd [7.51]
[ep  30] train gap  +0.791%  fail 0/111  185.7s  counts [45.9] sd [6.79]
[ep  35] train gap  +1.663%  fail 0/111  230.7s  counts [45.1] sd [5.79]
[ep  40] train gap  +0.548%  fail 0/111  150.4s  counts [47.] sd [8.19]
[ep  45] train gap  +0.752%  fail 0/111  153.3s  counts [51.5] sd [7.93]
[ep  50] train gap  +0.680%  fail 0/111  147.4s  counts [50.] sd [10.89]
[ep  55] train gap  +0.607%  fail 0/111  158.9s  counts [49.7] sd [11.95]
[ep  59] train gap  +0.586%  fail 0/111  167.2s  counts [49.3] sd [12.67]

========================================================================
[TEST] case300, 40 held out, K=1, HARD cuts
arm                                                gap   discrete    n
  baseline  flat V, no cut                     +2.155%     26.63%   40
  learned   V only (no cut)                    +1.318%     23.77%   40
  learned   V + LEARNED tier cuts              +0.638%     14.57%   40
  CONTROL   V + dummy band [0,0]               +0.757%     17.25%   40
  CONTROL   V + random band                    +0.737%     16.41%   40
  CONTROL   V + mean band (no per-instance info)   +1.411%     14.38%   40

  per-instance spread of tier counts: sd [7.443] (mean 7.443)  -- a constant band has sd ~ 0

  learned +0.638%  vs best control +0.737%  ->  LEARNED CUT IS REAL
========================================================================
