numba cannot be imported and numba functions are disabled.
Probably the execution is slow.
Please install numba to gain a massive speedup.
(or if you prefer slow execution, set the flag numba=False to avoid this warning!)
[setup] 192 instances -> 144 train / 48 test | ARM=vcard
[anchor] n_min 5-10 (mean 7.5)
numba cannot be imported and numba functions are disabled.
Probably the execution is slow.
Please install numba to gain a massive speedup.
(or if you prefer slow execution, set the flag numba=False to avoid this warning!)
numba cannot be imported and numba functions are disabled.
Probably the execution is slow.
Please install numba to gain a massive speedup.
(or if you prefer slow execution, set the flag numba=False to avoid this warning!)
numba cannot be imported and numba functions are disabled.
Probably the execution is slow.
Please install numba to gain a massive speedup.
(or if you prefer slow execution, set the flag numba=False to avoid this warning!)
numba cannot be imported and numba functions are disabled.
Probably the execution is slow.
Please install numba to gain a massive speedup.
(or if you prefer slow execution, set the flag numba=False to avoid this warning!)
numba cannot be imported and numba functions are disabled.
Probably the execution is slow.
Please install numba to gain a massive speedup.
(or if you prefer slow execution, set the flag numba=False to avoid this warning!)
numba cannot be imported and numba functions are disabled.
Probably the execution is slow.
Please install numba to gain a massive speedup.
(or if you prefer slow execution, set the flag numba=False to avoid this warning!)
numba cannot be imported and numba functions are disabled.
Probably the execution is slow.
Please install numba to gain a massive speedup.
(or if you prefer slow execution, set the flag numba=False to avoid this warning!)
numba cannot be imported and numba functions are disabled.
Probably the execution is slow.
Please install numba to gain a massive speedup.
(or if you prefer slow execution, set the flag numba=False to avoid this warning!)
numba cannot be imported and numba functions are disabled.
Probably the execution is slow.
Please install numba to gain a massive speedup.
(or if you prefer slow execution, set the flag numba=False to avoid this warning!)
numba cannot be imported and numba functions are disabled.
Probably the execution is slow.
Please install numba to gain a massive speedup.
(or if you prefer slow execution, set the flag numba=False to avoid this warning!)
numba cannot be imported and numba functions are disabled.
Probably the execution is slow.
Please install numba to gain a massive speedup.
(or if you prefer slow execution, set the flag numba=False to avoid this warning!)
numba cannot be imported and numba functions are disabled.
Probably the execution is slow.
Please install numba to gain a massive speedup.
(or if you prefer slow execution, set the flag numba=False to avoid this warning!)
[scale] label-free flat-V cost: mean 178,584
[BASE] flat V, no cut: gap +10.378%  agree 59.7%  1.24s/inst  fail 0/48

[net ] 187,630 params | outputs 238 (the old free-form cut head emitted 864)
[ep   0] train gap  +2.966%  fail 0/144  132.7s  band [8.5, 12.2]
[ep   5] train gap  +1.424%  fail 0/144  173.7s  band [8.5, 11.7]
[ep  10] train gap  +0.646%  fail 0/144  238.4s  band [8.4, 11.0]
[ep  15] train gap  +0.473%  fail 0/144  150.9s  band [8.4, 11.0]
[ep  20] train gap  +0.267%  fail 0/144  144.1s  band [8.3, 11.2]
[ep  25] train gap  +0.241%  fail 0/144  134.6s  band [8.3, 11.3]
[ep  30] train gap  +0.159%  fail 0/144  125.0s  band [8.3, 11.2]
[ep  35] train gap  +0.180%  fail 0/144  137.9s  band [8.2, 11.1]
[ep  39] train gap  +0.111%  fail 0/144  138.4s  band [8.2, 11.2]

======================================================================
[TEST] reference = QCAC iterative (== global MINLP)
  baseline  flat V, no cut           gap +10.378%  agree  59.7%
  learned   arm=vcard                gap  +0.103%  agree  95.8%  fail 0/48
  2.19s/instance   selection score 0.9063 (label-free)
======================================================================
