numba cannot be imported and numba functions are disabled.
Probably the execution is slow.
Please install numba to gain a massive speedup.
(or if you prefer slow execution, set the flag numba=False to avoid this warning!)
[setup] 78 instances -> 58 train / 20 test | ARM=v
[anchor] n_min 15-34 (mean 23.3)
numba cannot be imported and numba functions are disabled.
Probably the execution is slow.
Please install numba to gain a massive speedup.
(or if you prefer slow execution, set the flag numba=False to avoid this warning!)
numba cannot be imported and numba functions are disabled.
Probably the execution is slow.
Please install numba to gain a massive speedup.
(or if you prefer slow execution, set the flag numba=False to avoid this warning!)
numba cannot be imported and numba functions are disabled.
Probably the execution is slow.
Please install numba to gain a massive speedup.
(or if you prefer slow execution, set the flag numba=False to avoid this warning!)
numba cannot be imported and numba functions are disabled.
Probably the execution is slow.
Please install numba to gain a massive speedup.
(or if you prefer slow execution, set the flag numba=False to avoid this warning!)
numba cannot be imported and numba functions are disabled.
Probably the execution is slow.
Please install numba to gain a massive speedup.
(or if you prefer slow execution, set the flag numba=False to avoid this warning!)
numba cannot be imported and numba functions are disabled.
Probably the execution is slow.
Please install numba to gain a massive speedup.
(or if you prefer slow execution, set the flag numba=False to avoid this warning!)
numba cannot be imported and numba functions are disabled.
Probably the execution is slow.
Please install numba to gain a massive speedup.
(or if you prefer slow execution, set the flag numba=False to avoid this warning!)
numba cannot be imported and numba functions are disabled.
Probably the execution is slow.
Please install numba to gain a massive speedup.
(or if you prefer slow execution, set the flag numba=False to avoid this warning!)
numba cannot be imported and numba functions are disabled.
Probably the execution is slow.
Please install numba to gain a massive speedup.
(or if you prefer slow execution, set the flag numba=False to avoid this warning!)
numba cannot be imported and numba functions are disabled.
Probably the execution is slow.
Please install numba to gain a massive speedup.
(or if you prefer slow execution, set the flag numba=False to avoid this warning!)
numba cannot be imported and numba functions are disabled.
Probably the execution is slow.
Please install numba to gain a massive speedup.
(or if you prefer slow execution, set the flag numba=False to avoid this warning!)
numba cannot be imported and numba functions are disabled.
Probably the execution is slow.
Please install numba to gain a massive speedup.
(or if you prefer slow execution, set the flag numba=False to avoid this warning!)
[scale] label-free flat-V cost: mean 844,232
[BASE] flat V, no cut: gap +2.754%  agree 70.1%  6.52s/inst  fail 0/20

[net ] 374,362 params | outputs 600 (the old free-form cut head emitted 864)
[ep   0] train gap  +2.298%  fail 0/58  166.7s
[ep   5] train gap  +1.497%  fail 0/58  159.9s
[ep  10] train gap  +1.358%  fail 0/58  159.7s
[ep  15] train gap  +1.273%  fail 0/58  166.4s
[ep  20] train gap  +1.164%  fail 0/58  160.2s
[ep  25] train gap  +1.064%  fail 0/58  161.0s
[ep  29] train gap  +1.026%  fail 0/58  152.6s

======================================================================
[TEST] reference = QCAC iterative (== global MINLP)
  baseline  flat V, no cut           gap  +2.754%  agree  70.1%
  learned   arm=v                    gap  +1.108%  agree  76.7%  fail 0/20
  5.50s/instance   selection score 0.9877 (label-free)
======================================================================
