numba cannot be imported and numba functions are disabled.
Probably the execution is slow.
Please install numba to gain a massive speedup.
(or if you prefer slow execution, set the flag numba=False to avoid this warning!)
[setup] 78 instances -> 58 train / 20 test | ARM=vcard
[anchor] n_min 15-34 (mean 23.3)
numba cannot be imported and numba functions are disabled.
Probably the execution is slow.
Please install numba to gain a massive speedup.
(or if you prefer slow execution, set the flag numba=False to avoid this warning!)
numba cannot be imported and numba functions are disabled.
Probably the execution is slow.
Please install numba to gain a massive speedup.
(or if you prefer slow execution, set the flag numba=False to avoid this warning!)
numba cannot be imported and numba functions are disabled.
Probably the execution is slow.
Please install numba to gain a massive speedup.
(or if you prefer slow execution, set the flag numba=False to avoid this warning!)
numba cannot be imported and numba functions are disabled.
Probably the execution is slow.
Please install numba to gain a massive speedup.
(or if you prefer slow execution, set the flag numba=False to avoid this warning!)
numba cannot be imported and numba functions are disabled.
Probably the execution is slow.
Please install numba to gain a massive speedup.
(or if you prefer slow execution, set the flag numba=False to avoid this warning!)
numba cannot be imported and numba functions are disabled.
Probably the execution is slow.
Please install numba to gain a massive speedup.
(or if you prefer slow execution, set the flag numba=False to avoid this warning!)
numba cannot be imported and numba functions are disabled.
Probably the execution is slow.
Please install numba to gain a massive speedup.
(or if you prefer slow execution, set the flag numba=False to avoid this warning!)
numba cannot be imported and numba functions are disabled.
Probably the execution is slow.
Please install numba to gain a massive speedup.
(or if you prefer slow execution, set the flag numba=False to avoid this warning!)
numba cannot be imported and numba functions are disabled.
Probably the execution is slow.
Please install numba to gain a massive speedup.
(or if you prefer slow execution, set the flag numba=False to avoid this warning!)
numba cannot be imported and numba functions are disabled.
Probably the execution is slow.
Please install numba to gain a massive speedup.
(or if you prefer slow execution, set the flag numba=False to avoid this warning!)
numba cannot be imported and numba functions are disabled.
Probably the execution is slow.
Please install numba to gain a massive speedup.
(or if you prefer slow execution, set the flag numba=False to avoid this warning!)
numba cannot be imported and numba functions are disabled.
Probably the execution is slow.
Please install numba to gain a massive speedup.
(or if you prefer slow execution, set the flag numba=False to avoid this warning!)
[scale] label-free flat-V cost: mean 844,232
[BASE] flat V, no cut: gap +2.754%  agree 70.1%  6.77s/inst  fail 0/20

[net ] 374,362 params | outputs 602 (the old free-form cut head emitted 864)
[ep   0] train gap  +0.556%  fail 0/58  194.1s  band [24.5, 28.2]
[ep   5] train gap  +0.728%  fail 0/58  161.0s  band [24.6, 28.8]
[ep  10] train gap  +0.606%  fail 0/58  155.4s  band [25.2, 30.1]
[ep  15] train gap  +0.578%  fail 0/58  141.9s  band [26.0, 31.5]
[ep  20] train gap  +0.451%  fail 0/58  149.0s  band [25.5, 36.5]
[ep  25] train gap  +0.585%  fail 0/58  161.3s  band [25.7, 38.0]
[ep  29] train gap  +0.497%  fail 0/58  153.0s  band [25.6, 38.3]

======================================================================
[TEST] reference = QCAC iterative (== global MINLP)
  baseline  flat V, no cut           gap  +2.754%  agree  70.1%
  learned   arm=vcard                gap  +0.454%  agree  87.3%  fail 0/20
  7.70s/instance   selection score 0.9818 (label-free)
======================================================================
