numba cannot be imported and numba functions are disabled.
Probably the execution is slow.
Please install numba to gain a massive speedup.
(or if you prefer slow execution, set the flag numba=False to avoid this warning!)
[setup] case300: 151 inst, 111 train / 40 test | K=1 interleaved tiers, sizes [69] | HARD cuts
[init ] mean n_min 23.1 -> band starts at 37.0 of 69 (init_frac 0.536, label-free)
numba cannot be imported and numba functions are disabled.
Probably the execution is slow.
Please install numba to gain a massive speedup.
(or if you prefer slow execution, set the flag numba=False to avoid this warning!)
numba cannot be imported and numba functions are disabled.
Probably the execution is slow.
Please install numba to gain a massive speedup.
(or if you prefer slow execution, set the flag numba=False to avoid this warning!)
numba cannot be imported and numba functions are disabled.
Probably the execution is slow.
Please install numba to gain a massive speedup.
(or if you prefer slow execution, set the flag numba=False to avoid this warning!)
numba cannot be imported and numba functions are disabled.
Probably the execution is slow.
Please install numba to gain a massive speedup.
(or if you prefer slow execution, set the flag numba=False to avoid this warning!)
numba cannot be imported and numba functions are disabled.
Probably the execution is slow.
Please install numba to gain a massive speedup.
(or if you prefer slow execution, set the flag numba=False to avoid this warning!)
numba cannot be imported and numba functions are disabled.
Probably the execution is slow.
Please install numba to gain a massive speedup.
(or if you prefer slow execution, set the flag numba=False to avoid this warning!)
numba cannot be imported and numba functions are disabled.
Probably the execution is slow.
Please install numba to gain a massive speedup.
(or if you prefer slow execution, set the flag numba=False to avoid this warning!)
numba cannot be imported and numba functions are disabled.
Probably the execution is slow.
Please install numba to gain a massive speedup.
(or if you prefer slow execution, set the flag numba=False to avoid this warning!)
numba cannot be imported and numba functions are disabled.
Probably the execution is slow.
Please install numba to gain a massive speedup.
(or if you prefer slow execution, set the flag numba=False to avoid this warning!)
numba cannot be imported and numba functions are disabled.
Probably the execution is slow.
Please install numba to gain a massive speedup.
(or if you prefer slow execution, set the flag numba=False to avoid this warning!)
numba cannot be imported and numba functions are disabled.
Probably the execution is slow.
Please install numba to gain a massive speedup.
(or if you prefer slow execution, set the flag numba=False to avoid this warning!)
numba cannot be imported and numba functions are disabled.
Probably the execution is slow.
Please install numba to gain a massive speedup.
(or if you prefer slow execution, set the flag numba=False to avoid this warning!)
[net ] 391,838 params | outputs 601
[BASE] flat V, no cut: gap +2.154%  discrete 26.52%  n=40

[ep   0] train gap  +1.682%  fail 0/111  386.5s  counts [37.] sd [0.04]
[ep   5] train gap  +0.869%  fail 0/111  431.9s  counts [36.3] sd [0.55]
[ep  10] train gap  +0.297%  fail 0/111  344.3s  counts [34.9] sd [2.21]
[ep  15] train gap  +0.379%  fail 0/111  364.6s  counts [33.8] sd [3.01]
[ep  20] train gap  +0.419%  fail 0/111  382.3s  counts [33.4] sd [3.21]
[ep  25] train gap  +0.386%  fail 0/111  368.6s  counts [34.7] sd [3.4]
[ep  30] train gap  +0.257%  fail 0/111  383.1s  counts [34.8] sd [2.75]
[ep  35] train gap  +0.257%  fail 0/111  341.5s  counts [34.7] sd [2.29]
[ep  40] train gap  +0.300%  fail 0/111  389.4s  counts [33.2] sd [4.55]
[ep  44] train gap  +0.307%  fail 0/111  382.5s  counts [31.8] sd [6.41]

========================================================================
[TEST] case300, 40 held out, K=1, HARD cuts
arm                                                gap   discrete    n
  baseline  flat V, no cut                     +2.154%     26.52%   40
  learned   V only (no cut)                    +1.419%     23.04%   40
  learned   V + LEARNED tier cuts              +0.291%      8.70%   40
  learned   V + cut, threshold 0.5             +0.296%      8.73%   40
  CONTROL   V + dummy band [0,0]               +0.622%     12.43%   40
  CONTROL   V + random band                    +1.057%     15.43%   40
  CONTROL   V + mean band (no per-instance info)   +0.600%      9.57%   40
  CONTROL   V + cut, MEAN threshold            +0.293%      8.70%   40

  learned thresholds: mean 0.499  per-generator sd 0.037  per-instance sd 0.037

  per-instance spread of tier counts: sd [2.193] (mean 2.193)  -- a constant band has sd ~ 0

  learned +0.291%  vs best control +0.293%  ->  *** DECORATIVE: a control matches the learned band ***
========================================================================
