numba cannot be imported and numba functions are disabled.
Probably the execution is slow.
Please install numba to gain a massive speedup.
(or if you prefer slow execution, set the flag numba=False to avoid this warning!)
[setup] case118: 192 inst, 144 train / 48 test | K=1 interleaved tiers, sizes [54] | HARD cuts
[init ] mean n_min 7.5 -> band starts at 12.1 of 54 (init_frac 0.223, label-free)
numba cannot be imported and numba functions are disabled.
Probably the execution is slow.
Please install numba to gain a massive speedup.
(or if you prefer slow execution, set the flag numba=False to avoid this warning!)
numba cannot be imported and numba functions are disabled.
Probably the execution is slow.
Please install numba to gain a massive speedup.
(or if you prefer slow execution, set the flag numba=False to avoid this warning!)
numba cannot be imported and numba functions are disabled.
Probably the execution is slow.
Please install numba to gain a massive speedup.
(or if you prefer slow execution, set the flag numba=False to avoid this warning!)
numba cannot be imported and numba functions are disabled.
Probably the execution is slow.
Please install numba to gain a massive speedup.
(or if you prefer slow execution, set the flag numba=False to avoid this warning!)
numba cannot be imported and numba functions are disabled.
Probably the execution is slow.
Please install numba to gain a massive speedup.
(or if you prefer slow execution, set the flag numba=False to avoid this warning!)
numba cannot be imported and numba functions are disabled.
Probably the execution is slow.
Please install numba to gain a massive speedup.
(or if you prefer slow execution, set the flag numba=False to avoid this warning!)
numba cannot be imported and numba functions are disabled.
Probably the execution is slow.
Please install numba to gain a massive speedup.
(or if you prefer slow execution, set the flag numba=False to avoid this warning!)
numba cannot be imported and numba functions are disabled.
Probably the execution is slow.
Please install numba to gain a massive speedup.
(or if you prefer slow execution, set the flag numba=False to avoid this warning!)
numba cannot be imported and numba functions are disabled.
Probably the execution is slow.
Please install numba to gain a massive speedup.
(or if you prefer slow execution, set the flag numba=False to avoid this warning!)
numba cannot be imported and numba functions are disabled.
Probably the execution is slow.
Please install numba to gain a massive speedup.
(or if you prefer slow execution, set the flag numba=False to avoid this warning!)
numba cannot be imported and numba functions are disabled.
Probably the execution is slow.
Please install numba to gain a massive speedup.
(or if you prefer slow execution, set the flag numba=False to avoid this warning!)
numba cannot be imported and numba functions are disabled.
Probably the execution is slow.
Please install numba to gain a massive speedup.
(or if you prefer slow execution, set the flag numba=False to avoid this warning!)
[net ] 201,251 params | outputs 237
[BASE] flat V, no cut: gap +10.378%  discrete 40.32%  n=48

[ep   0] train gap  +2.262%  fail 0/144  152.2s  counts [12.1] sd [0.01]
[ep   5] train gap  +1.294%  fail 0/144  142.7s  counts [11.7] sd [0.93]
[ep  10] train gap  +0.764%  fail 0/144  143.7s  counts [12.1] sd [0.72]
[ep  15] train gap  +0.175%  fail 0/144  129.0s  counts [13.2] sd [2.63]
[ep  20] train gap  +0.120%  fail 0/144  114.1s  counts [12.7] sd [2.04]
[ep  25] train gap  +0.044%  fail 0/144  107.1s  counts [12.5] sd [2.21]
[ep  30] train gap  +0.034%  fail 0/144  117.0s  counts [12.9] sd [1.84]
[ep  35] train gap  +0.039%  fail 0/144  120.3s  counts [13.] sd [2.11]
[ep  40] train gap  +0.058%  fail 0/144  130.4s  counts [12.9] sd [2.2]
[ep  44] train gap  +0.033%  fail 0/144  146.3s  counts [12.9] sd [1.64]

========================================================================
[TEST] case118, 48 held out, K=1, HARD cuts
arm                                                gap   discrete    n
  baseline  flat V, no cut                    +10.378%     40.32%   48
  learned   V only (no cut)                   +12.224%     49.42%   48
  learned   V + LEARNED tier cuts              +0.049%      4.05%   48
  learned   V + cut, threshold 0.5             +0.049%      4.05%   48
  CONTROL   V + dummy band [0,0]               +6.681%     28.16%   48
  CONTROL   V + random band                    +8.988%     39.43%   48
  CONTROL   V + mean band (no per-instance info)   +0.582%      5.63%   48
  CONTROL   V + cut, MEAN threshold            +0.049%      4.05%   48

  learned thresholds: mean 0.500  per-generator sd 0.036  per-instance sd 0.036

  per-instance spread of tier counts: sd [2.277] (mean 2.277)  -- a constant band has sd ~ 0

  learned +0.049%  vs best control +0.049%  ->  *** DECORATIVE: a control matches the learned band ***
========================================================================
