numba cannot be imported and numba functions are disabled.
Probably the execution is slow.
Please install numba to gain a massive speedup.
(or if you prefer slow execution, set the flag numba=False to avoid this warning!)
[setup] 112 instances -> 88 train / 24 test | ARM=v
[anchor] n_min 5-10 (mean 7.5)
numba cannot be imported and numba functions are disabled.
Probably the execution is slow.
Please install numba to gain a massive speedup.
(or if you prefer slow execution, set the flag numba=False to avoid this warning!)
numba cannot be imported and numba functions are disabled.
Probably the execution is slow.
Please install numba to gain a massive speedup.
(or if you prefer slow execution, set the flag numba=False to avoid this warning!)
numba cannot be imported and numba functions are disabled.
Probably the execution is slow.
Please install numba to gain a massive speedup.
(or if you prefer slow execution, set the flag numba=False to avoid this warning!)
numba cannot be imported and numba functions are disabled.
Probably the execution is slow.
Please install numba to gain a massive speedup.
(or if you prefer slow execution, set the flag numba=False to avoid this warning!)
numba cannot be imported and numba functions are disabled.
Probably the execution is slow.
Please install numba to gain a massive speedup.
(or if you prefer slow execution, set the flag numba=False to avoid this warning!)
numba cannot be imported and numba functions are disabled.
Probably the execution is slow.
Please install numba to gain a massive speedup.
(or if you prefer slow execution, set the flag numba=False to avoid this warning!)
[scale] label-free flat-V cost: mean 177,264
[BASE] flat V, no cut: gap +11.428%  agree 59.2%  0.97s/inst  fail 0/24

[net ] 187,630 params | outputs 236 (the old free-form cut head emitted 864)
[ep   0] train gap +10.268%  fail 0/88  141.8s
[ep   5] train gap  +6.378%  fail 0/88  164.7s
[ep  10] train gap  +5.404%  fail 0/88  203.5s
[ep  15] train gap  +5.037%  fail 0/88  196.0s
[ep  20] train gap  +3.111%  fail 0/88  171.2s
[ep  25] train gap  +2.485%  fail 0/88  208.5s
[ep  29] train gap  +2.952%  fail 0/88  180.8s

======================================================================
[TEST] reference = QCAC iterative (== global MINLP)
  baseline  flat V, no cut           gap +11.428%  agree  59.2%
  learned   arm=v                    gap  +2.360%  agree  81.6%  fail 0/24
  2.98s/instance   selection score 0.9293 (label-free)
======================================================================
