numba cannot be imported and numba functions are disabled.
Probably the execution is slow.
Please install numba to gain a massive speedup.
(or if you prefer slow execution, set the flag numba=False to avoid this warning!)
[setup] 112 instances -> 88 train / 24 test | ARM=vcard
[anchor] n_min 5-10 (mean 7.5)
numba cannot be imported and numba functions are disabled.
Probably the execution is slow.
Please install numba to gain a massive speedup.
(or if you prefer slow execution, set the flag numba=False to avoid this warning!)
numba cannot be imported and numba functions are disabled.
Probably the execution is slow.
Please install numba to gain a massive speedup.
(or if you prefer slow execution, set the flag numba=False to avoid this warning!)
numba cannot be imported and numba functions are disabled.
Probably the execution is slow.
Please install numba to gain a massive speedup.
(or if you prefer slow execution, set the flag numba=False to avoid this warning!)
numba cannot be imported and numba functions are disabled.
Probably the execution is slow.
Please install numba to gain a massive speedup.
(or if you prefer slow execution, set the flag numba=False to avoid this warning!)
numba cannot be imported and numba functions are disabled.
Probably the execution is slow.
Please install numba to gain a massive speedup.
(or if you prefer slow execution, set the flag numba=False to avoid this warning!)
numba cannot be imported and numba functions are disabled.
Probably the execution is slow.
Please install numba to gain a massive speedup.
(or if you prefer slow execution, set the flag numba=False to avoid this warning!)
[scale] label-free flat-V cost: mean 177,264
[BASE] flat V, no cut: gap +11.428%  agree 59.2%  0.97s/inst  fail 0/24

[net ] 187,630 params | outputs 238 (the old free-form cut head emitted 864)
[ep   0] train gap  +2.959%  fail 0/88  178.0s  band [10.6, 14.6]
[ep   5] train gap  +1.721%  fail 0/88  465.7s  band [11.2, 14.6]
[ep  10] train gap  +2.069%  fail 0/88  220.2s  band [12.4, 15.0]
[ep  15] train gap  +2.731%  fail 0/88  203.2s  band [12.9, 15.8]
[ep  20] train gap  +1.738%  fail 0/88  205.1s  band [11.7, 15.5]
[ep  25] train gap  +1.026%  fail 0/88  119.0s  band [11.3, 14.9]
[ep  29] train gap  +0.397%  fail 0/88  188.1s  band [11.1, 14.8]

======================================================================
[TEST] reference = QCAC iterative (== global MINLP)
  baseline  flat V, no cut           gap +11.428%  agree  59.2%
  learned   arm=vcard                gap  +0.182%  agree  94.7%  fail 0/24
  1.77s/instance   selection score 0.9090 (label-free)
======================================================================
