numba cannot be imported and numba functions are disabled.
Probably the execution is slow.
Please install numba to gain a massive speedup.
(or if you prefer slow execution, set the flag numba=False to avoid this warning!)
[setup] 112 instances -> 88 train / 24 test | ARM=v
[anchor] n_min 5-10 (mean 7.5)
numba cannot be imported and numba functions are disabled.
Probably the execution is slow.
Please install numba to gain a massive speedup.
(or if you prefer slow execution, set the flag numba=False to avoid this warning!)
numba cannot be imported and numba functions are disabled.
Probably the execution is slow.
Please install numba to gain a massive speedup.
(or if you prefer slow execution, set the flag numba=False to avoid this warning!)
numba cannot be imported and numba functions are disabled.
Probably the execution is slow.
Please install numba to gain a massive speedup.
(or if you prefer slow execution, set the flag numba=False to avoid this warning!)
numba cannot be imported and numba functions are disabled.
Probably the execution is slow.
Please install numba to gain a massive speedup.
(or if you prefer slow execution, set the flag numba=False to avoid this warning!)
numba cannot be imported and numba functions are disabled.
Probably the execution is slow.
Please install numba to gain a massive speedup.
(or if you prefer slow execution, set the flag numba=False to avoid this warning!)
numba cannot be imported and numba functions are disabled.
Probably the execution is slow.
Please install numba to gain a massive speedup.
(or if you prefer slow execution, set the flag numba=False to avoid this warning!)
[BASE] flat V, no cut: gap +11.608%  agree 57.3%  0.70s/inst  fail 0/24

[net ] 187,630 params | outputs 236 (the old free-form cut head emitted 864)
[ep   0] train gap +10.598%  fail 0/88   90.0s
[ep   5] train gap  +7.038%  fail 0/88   43.6s
[ep  10] train gap  +5.257%  fail 0/88   57.9s
[ep  15] train gap  +3.699%  fail 0/88   40.9s
[ep  20] train gap  +2.728%  fail 0/88   37.1s
[ep  25] train gap  +1.489%  fail 0/88   29.2s
[ep  30] train gap  +1.197%  fail 0/88   27.6s
[ep  35] train gap  +1.647%  fail 0/88   26.8s
[ep  40] train gap  +0.949%  fail 0/88   33.7s
[ep  45] train gap  +0.740%  fail 0/88   32.5s
[ep  49] train gap  +0.696%  fail 0/88   25.4s

======================================================================
[TEST] reference = QCAC iterative (== global MINLP)
  baseline  flat V, no cut           gap +11.608%  agree  57.3%
  learned   arm=v                    gap  +1.190%  agree  87.8%  fail 0/24
  0.37s/instance   best train gap +0.666%
======================================================================
