numba cannot be imported and numba functions are disabled.
Probably the execution is slow.
Please install numba to gain a massive speedup.
(or if you prefer slow execution, set the flag numba=False to avoid this warning!)
[setup] case300: 345 inst, 265 train / 80 test | K=1 interleaved tiers, sizes [69] | HARD cuts
[init ] mean n_min 23.6 -> band starts at 37.8 of 69 (init_frac 0.547, label-free)
numba cannot be imported and numba functions are disabled.
Probably the execution is slow.
Please install numba to gain a massive speedup.
(or if you prefer slow execution, set the flag numba=False to avoid this warning!)
numba cannot be imported and numba functions are disabled.
Probably the execution is slow.
Please install numba to gain a massive speedup.
(or if you prefer slow execution, set the flag numba=False to avoid this warning!)
numba cannot be imported and numba functions are disabled.
Probably the execution is slow.
Please install numba to gain a massive speedup.
(or if you prefer slow execution, set the flag numba=False to avoid this warning!)
numba cannot be imported and numba functions are disabled.
Probably the execution is slow.
Please install numba to gain a massive speedup.
(or if you prefer slow execution, set the flag numba=False to avoid this warning!)
numba cannot be imported and numba functions are disabled.
Probably the execution is slow.
Please install numba to gain a massive speedup.
(or if you prefer slow execution, set the flag numba=False to avoid this warning!)
numba cannot be imported and numba functions are disabled.
Probably the execution is slow.
Please install numba to gain a massive speedup.
(or if you prefer slow execution, set the flag numba=False to avoid this warning!)
numba cannot be imported and numba functions are disabled.
Probably the execution is slow.
Please install numba to gain a massive speedup.
(or if you prefer slow execution, set the flag numba=False to avoid this warning!)
numba cannot be imported and numba functions are disabled.
Probably the execution is slow.
Please install numba to gain a massive speedup.
(or if you prefer slow execution, set the flag numba=False to avoid this warning!)
numba cannot be imported and numba functions are disabled.
Probably the execution is slow.
Please install numba to gain a massive speedup.
(or if you prefer slow execution, set the flag numba=False to avoid this warning!)
numba cannot be imported and numba functions are disabled.
Probably the execution is slow.
Please install numba to gain a massive speedup.
(or if you prefer slow execution, set the flag numba=False to avoid this warning!)
numba cannot be imported and numba functions are disabled.
Probably the execution is slow.
Please install numba to gain a massive speedup.
(or if you prefer slow execution, set the flag numba=False to avoid this warning!)
numba cannot be imported and numba functions are disabled.
Probably the execution is slow.
Please install numba to gain a massive speedup.
(or if you prefer slow execution, set the flag numba=False to avoid this warning!)
[net ] 391,838 params | outputs 601
[BASE] flat V, no cut: gap +2.396%  discrete 27.66%  n=80

[ep   0] train gap  +1.805%  fail 0/150  529.1s  counts [37.8] sd [0.04]
[ep   5] train gap  +1.017%  fail 0/150  488.9s  counts [36.6] sd [1.6]
[ep  10] train gap  +0.373%  fail 0/150  452.7s  counts [34.5] sd [5.09]
[ep  15] train gap  +0.272%  fail 0/150  425.8s  counts [32.3] sd [4.55]
[ep  20] train gap  +0.473%  fail 0/150  429.5s  counts [33.5] sd [3.01]
[ep  25] train gap  +0.323%  fail 0/150  434.1s  counts [34.2] sd [4.39]
[ep  30] train gap  +0.289%  fail 0/150  522.5s  counts [32.3] sd [7.83]
[ep  35] train gap  +0.299%  fail 0/150  516.5s  counts [28.7] sd [10.97]
[ep  40] train gap  +0.447%  fail 0/150  446.8s  counts [27.7] sd [13.92]
