numba cannot be imported and numba functions are disabled.
Probably the execution is slow.
Please install numba to gain a massive speedup.
(or if you prefer slow execution, set the flag numba=False to avoid this warning!)
numba cannot be imported and numba functions are disabled.
Probably the execution is slow.
Please install numba to gain a massive speedup.
(or if you prefer slow execution, set the flag numba=False to avoid this warning!)
numba cannot be imported and numba functions are disabled.
Probably the execution is slow.
Please install numba to gain a massive speedup.
(or if you prefer slow execution, set the flag numba=False to avoid this warning!)
numba cannot be imported and numba functions are disabled.
Probably the execution is slow.
Please install numba to gain a massive speedup.
(or if you prefer slow execution, set the flag numba=False to avoid this warning!)
numba cannot be imported and numba functions are disabled.
Probably the execution is slow.
Please install numba to gain a massive speedup.
(or if you prefer slow execution, set the flag numba=False to avoid this warning!)
numba cannot be imported and numba functions are disabled.
Probably the execution is slow.
Please install numba to gain a massive speedup.
(or if you prefer slow execution, set the flag numba=False to avoid this warning!)
numba cannot be imported and numba functions are disabled.
Probably the execution is slow.
Please install numba to gain a massive speedup.
(or if you prefer slow execution, set the flag numba=False to avoid this warning!)
numba cannot be imported and numba functions are disabled.
Probably the execution is slow.
Please install numba to gain a massive speedup.
(or if you prefer slow execution, set the flag numba=False to avoid this warning!)
numba cannot be imported and numba functions are disabled.
Probably the execution is slow.
Please install numba to gain a massive speedup.
(or if you prefer slow execution, set the flag numba=False to avoid this warning!)
numba cannot be imported and numba functions are disabled.
Probably the execution is slow.
Please install numba to gain a massive speedup.
(or if you prefer slow execution, set the flag numba=False to avoid this warning!)
Set parameter Username
numba cannot be imported and numba functions are disabled.
Probably the execution is slow.
Please install numba to gain a massive speedup.
(or if you prefer slow execution, set the flag numba=False to avoid this warning!)
Academic license - for non-commercial use only - expires 2027-01-17
Set parameter Username
Set parameter Username
Academic license - for non-commercial use only - expires 2027-01-17
Set parameter Username
numba cannot be imported and numba functions are disabled.
Probably the execution is slow.
Please install numba to gain a massive speedup.
(or if you prefer slow execution, set the flag numba=False to avoid this warning!)
Academic license - for non-commercial use only - expires 2027-01-17
numba cannot be imported and numba functions are disabled.
Probably the execution is slow.
Please install numba to gain a massive speedup.
(or if you prefer slow execution, set the flag numba=False to avoid this warning!)
Set parameter Username
Set parameter Username
Academic license - for non-commercial use only - expires 2027-01-17
Set parameter Username
Set parameter Username
Academic license - for non-commercial use only - expires 2027-01-17
Set parameter Username
Academic license - for non-commercial use only - expires 2027-01-17
Academic license - for non-commercial use only - expires 2027-01-17
Academic license - for non-commercial use only - expires 2027-01-17
Set parameter Username
Academic license - for non-commercial use only - expires 2027-01-17
Set parameter Username
Academic license - for non-commercial use only - expires 2027-01-17
Academic license - for non-commercial use only - expires 2027-01-17
Set parameter Username
Academic license - for non-commercial use only - expires 2027-01-17
[ref s7]  1/40
[ref s7]  2/40
[ref s7]  3/40
[ref s7]  4/40
[ref s7]  5/40
[ref s7]  6/40
[ref s7]  7/40
[ref s7]  8/40
[ref s7]  9/40
[ref s7] 10/40
[ref s7] 11/40
[ref s7] 12/40
[ref s7] 13/40
[ref s7] 14/40
[ref s7] 15/40
[ref s7] 16/40
[ref s7] 17/40
[ref s7] 18/40
[ref s7] 19/40
[ref s7] 20/40
[ref s7] 21/40
[ref s7] 22/40
[ref s7] 23/40
[ref s7] 24/40
[ref s7] 25/40
[ref s7] 26/40
[ref s7] 27/40
[ref s7] 27/40
[ref s7] 28/40
[ref s7] 29/40
[ref s7] 30/40
[ref s7] 31/40
[ref s7] 32/40
[ref s7] 33/40
[ref s7] 33/40
[ref s7] 34/40
[ref s7] 35/40
[ref s7] 36/40
[ref s7] 37/40
[ref s7] 38/40
[ref s7] 38/40 solved, 16 distinct, 1324s
