numba cannot be imported and numba functions are disabled.
Probably the execution is slow.
Please install numba to gain a massive speedup.
(or if you prefer slow execution, set the flag numba=False to avoid this warning!)
numba cannot be imported and numba functions are disabled.
Probably the execution is slow.
Please install numba to gain a massive speedup.
(or if you prefer slow execution, set the flag numba=False to avoid this warning!)
numba cannot be imported and numba functions are disabled.
Probably the execution is slow.
Please install numba to gain a massive speedup.
(or if you prefer slow execution, set the flag numba=False to avoid this warning!)
numba cannot be imported and numba functions are disabled.
Probably the execution is slow.
Please install numba to gain a massive speedup.
(or if you prefer slow execution, set the flag numba=False to avoid this warning!)
numba cannot be imported and numba functions are disabled.
Probably the execution is slow.
Please install numba to gain a massive speedup.
(or if you prefer slow execution, set the flag numba=False to avoid this warning!)
numba cannot be imported and numba functions are disabled.
Probably the execution is slow.
Please install numba to gain a massive speedup.
(or if you prefer slow execution, set the flag numba=False to avoid this warning!)
numba cannot be imported and numba functions are disabled.
Probably the execution is slow.
Please install numba to gain a massive speedup.
(or if you prefer slow execution, set the flag numba=False to avoid this warning!)
numba cannot be imported and numba functions are disabled.
Probably the execution is slow.
Please install numba to gain a massive speedup.
(or if you prefer slow execution, set the flag numba=False to avoid this warning!)
numba cannot be imported and numba functions are disabled.
Probably the execution is slow.
Please install numba to gain a massive speedup.
(or if you prefer slow execution, set the flag numba=False to avoid this warning!)
numba cannot be imported and numba functions are disabled.
Probably the execution is slow.
Please install numba to gain a massive speedup.
(or if you prefer slow execution, set the flag numba=False to avoid this warning!)
numba cannot be imported and numba functions are disabled.
Probably the execution is slow.
Please install numba to gain a massive speedup.
(or if you prefer slow execution, set the flag numba=False to avoid this warning!)
Set parameter Username
Set parameter Username
Set parameter Username
numba cannot be imported and numba functions are disabled.
Probably the execution is slow.
Please install numba to gain a massive speedup.
(or if you prefer slow execution, set the flag numba=False to avoid this warning!)
Set parameter Username
Set parameter Username
Academic license - for non-commercial use only - expires 2027-01-17
Academic license - for non-commercial use only - expires 2027-01-17
Set parameter Username
Set parameter Username
Academic license - for non-commercial use only - expires 2027-01-17
Academic license - for non-commercial use only - expires 2027-01-17
Academic license - for non-commercial use only - expires 2027-01-17
Set parameter Username
Set parameter Username
Set parameter Username
Academic license - for non-commercial use only - expires 2027-01-17
Academic license - for non-commercial use only - expires 2027-01-17
Academic license - for non-commercial use only - expires 2027-01-17
Set parameter Username
Academic license - for non-commercial use only - expires 2027-01-17
Academic license - for non-commercial use only - expires 2027-01-17
numba cannot be imported and numba functions are disabled.
Probably the execution is slow.
Please install numba to gain a massive speedup.
(or if you prefer slow execution, set the flag numba=False to avoid this warning!)
Set parameter Username
Academic license - for non-commercial use only - expires 2027-01-17
Academic license - for non-commercial use only - expires 2027-01-17
[ref s5]  1/40
[ref s5]  2/40
[ref s5]  3/40
[ref s5]  4/40
[ref s5]  5/40
[ref s5]  6/40
[ref s5]  7/40
[ref s5]  8/40
[ref s5]  9/40
[ref s5] 10/40
[ref s5] 11/40
[ref s5] 12/40
[ref s5] 13/40
[ref s5] 14/40
[ref s5] 15/40
[ref s5] 16/40
[ref s5] 17/40
[ref s5] 17/40
[ref s5] 18/40
[ref s5] 19/40
[ref s5] 20/40
[ref s5] 21/40
[ref s5] 22/40
[ref s5] 23/40
[ref s5] 24/40
[ref s5] 25/40
[ref s5] 26/40
[ref s5] 27/40
[ref s5] 27/40
[ref s5] 28/40
[ref s5] 29/40
[ref s5] 30/40
[ref s5] 31/40
[ref s5] 32/40
[ref s5] 33/40
[ref s5] 34/40
[ref s5] 35/40
[ref s5] 36/40
[ref s5] 37/40
[ref s5] 38/40
[ref s5] 38/40 solved, 19 distinct, 785s
