numba cannot be imported and numba functions are disabled.
Probably the execution is slow.
Please install numba to gain a massive speedup.
(or if you prefer slow execution, set the flag numba=False to avoid this warning!)
numba cannot be imported and numba functions are disabled.
Probably the execution is slow.
Please install numba to gain a massive speedup.
(or if you prefer slow execution, set the flag numba=False to avoid this warning!)
numba cannot be imported and numba functions are disabled.
Probably the execution is slow.
Please install numba to gain a massive speedup.
(or if you prefer slow execution, set the flag numba=False to avoid this warning!)
numba cannot be imported and numba functions are disabled.
Probably the execution is slow.
Please install numba to gain a massive speedup.
(or if you prefer slow execution, set the flag numba=False to avoid this warning!)
Set parameter Username
numba cannot be imported and numba functions are disabled.
Probably the execution is slow.
Please install numba to gain a massive speedup.
(or if you prefer slow execution, set the flag numba=False to avoid this warning!)
Set parameter Username
Academic license - for non-commercial use only - expires 2027-01-17
Set parameter Username
Academic license - for non-commercial use only - expires 2027-01-17
Set parameter Username
numba cannot be imported and numba functions are disabled.
Probably the execution is slow.
Please install numba to gain a massive speedup.
(or if you prefer slow execution, set the flag numba=False to avoid this warning!)
numba cannot be imported and numba functions are disabled.
Probably the execution is slow.
Please install numba to gain a massive speedup.
(or if you prefer slow execution, set the flag numba=False to avoid this warning!)
numba cannot be imported and numba functions are disabled.
Probably the execution is slow.
Please install numba to gain a massive speedup.
(or if you prefer slow execution, set the flag numba=False to avoid this warning!)
numba cannot be imported and numba functions are disabled.
Probably the execution is slow.
Please install numba to gain a massive speedup.
(or if you prefer slow execution, set the flag numba=False to avoid this warning!)
numba cannot be imported and numba functions are disabled.
Probably the execution is slow.
Please install numba to gain a massive speedup.
(or if you prefer slow execution, set the flag numba=False to avoid this warning!)
numba cannot be imported and numba functions are disabled.
Probably the execution is slow.
Please install numba to gain a massive speedup.
(or if you prefer slow execution, set the flag numba=False to avoid this warning!)
Academic license - for non-commercial use only - expires 2027-01-17
numba cannot be imported and numba functions are disabled.
Probably the execution is slow.
Please install numba to gain a massive speedup.
(or if you prefer slow execution, set the flag numba=False to avoid this warning!)
Set parameter Username
Set parameter Username
Academic license - for non-commercial use only - expires 2027-01-17
Set parameter Username
Academic license - for non-commercial use only - expires 2027-01-17
numba cannot be imported and numba functions are disabled.
Probably the execution is slow.
Please install numba to gain a massive speedup.
(or if you prefer slow execution, set the flag numba=False to avoid this warning!)
Academic license - for non-commercial use only - expires 2027-01-17
Set parameter Username
Set parameter Username
Set parameter Username
Academic license - for non-commercial use only - expires 2027-01-17
Academic license - for non-commercial use only - expires 2027-01-17
Academic license - for non-commercial use only - expires 2027-01-17
Set parameter Username
Set parameter Username
Academic license - for non-commercial use only - expires 2027-01-17
Academic license - for non-commercial use only - expires 2027-01-17
Academic license - for non-commercial use only - expires 2027-01-17
[ref s4]  0/40
[ref s4]  1/40
[ref s4]  2/40
[ref s4]  3/40
[ref s4]  4/40
[ref s4]  5/40
[ref s4]  6/40
[ref s4]  7/40
[ref s4]  8/40
[ref s4]  9/40
[ref s4] 10/40
[ref s4] 11/40
[ref s4] 12/40
[ref s4] 13/40
[ref s4] 14/40
[ref s4] 15/40
[ref s4] 16/40
[ref s4] 17/40
[ref s4] 18/40
[ref s4] 19/40
[ref s4] 20/40
[ref s4] 21/40
[ref s4] 22/40
[ref s4] 23/40
[ref s4] 24/40
[ref s4] 25/40
[ref s4] 26/40
[ref s4] 27/40
[ref s4] 28/40
[ref s4] 29/40
[ref s4] 30/40
[ref s4] 31/40
[ref s4] 32/40
[ref s4] 33/40
[ref s4] 34/40
[ref s4] 35/40
[ref s4] 36/40
[ref s4] 37/40
[ref s4] 38/40
[ref s4] 39/40
[ref s4] 39/40 solved, 21 distinct, 1193s
