numba cannot be imported and numba functions are disabled.
Probably the execution is slow.
Please install numba to gain a massive speedup.
(or if you prefer slow execution, set the flag numba=False to avoid this warning!)
[setup] case300: 151 inst, 111 train / 40 test | K=1 interleaved tiers, sizes [69] | HARD cuts
numba cannot be imported and numba functions are disabled.
Probably the execution is slow.
Please install numba to gain a massive speedup.
(or if you prefer slow execution, set the flag numba=False to avoid this warning!)
numba cannot be imported and numba functions are disabled.
Probably the execution is slow.
Please install numba to gain a massive speedup.
(or if you prefer slow execution, set the flag numba=False to avoid this warning!)
numba cannot be imported and numba functions are disabled.
Probably the execution is slow.
Please install numba to gain a massive speedup.
(or if you prefer slow execution, set the flag numba=False to avoid this warning!)
numba cannot be imported and numba functions are disabled.
Probably the execution is slow.
Please install numba to gain a massive speedup.
(or if you prefer slow execution, set the flag numba=False to avoid this warning!)
numba cannot be imported and numba functions are disabled.
Probably the execution is slow.
Please install numba to gain a massive speedup.
(or if you prefer slow execution, set the flag numba=False to avoid this warning!)
numba cannot be imported and numba functions are disabled.
Probably the execution is slow.
Please install numba to gain a massive speedup.
(or if you prefer slow execution, set the flag numba=False to avoid this warning!)
numba cannot be imported and numba functions are disabled.
Probably the execution is slow.
Please install numba to gain a massive speedup.
(or if you prefer slow execution, set the flag numba=False to avoid this warning!)
numba cannot be imported and numba functions are disabled.
Probably the execution is slow.
Please install numba to gain a massive speedup.
(or if you prefer slow execution, set the flag numba=False to avoid this warning!)
numba cannot be imported and numba functions are disabled.
Probably the execution is slow.
Please install numba to gain a massive speedup.
(or if you prefer slow execution, set the flag numba=False to avoid this warning!)
numba cannot be imported and numba functions are disabled.
Probably the execution is slow.
Please install numba to gain a massive speedup.
(or if you prefer slow execution, set the flag numba=False to avoid this warning!)
numba cannot be imported and numba functions are disabled.
Probably the execution is slow.
Please install numba to gain a massive speedup.
(or if you prefer slow execution, set the flag numba=False to avoid this warning!)
numba cannot be imported and numba functions are disabled.
Probably the execution is slow.
Please install numba to gain a massive speedup.
(or if you prefer slow execution, set the flag numba=False to avoid this warning!)
[net ] 374,105 params | outputs 601
[BASE] flat V, no cut: gap +2.157%  discrete 26.74%  n=40

[ep   0] train gap  +2.592%  fail 0/64   78.7s  counts [41.4] sd [0.01]
[ep  10] train gap  +2.224%  fail 0/64  206.8s  counts [36.1] sd [6.97]
[ep  20] train gap  +2.685%  fail 0/64   48.4s  counts [30.9] sd [12.82]
[ep  30] train gap  +1.210%  fail 0/64   51.4s  counts [25.2] sd [15.86]
[ep  39] train gap  +1.490%  fail 0/64   54.8s  counts [24.1] sd [18.3]

========================================================================
[TEST] case300, 40 held out, K=1, HARD cuts
arm                                                gap   discrete    n
  baseline  flat V, no cut                     +2.157%     26.74%   40
  learned   V only (no cut)                    +1.465%     26.45%   40
  learned   V + LEARNED tier cuts              +1.816%     17.61%   40
  CONTROL   V + dummy band [0,0]               +1.089%     21.23%   40
  CONTROL   V + random band                    +1.003%     19.89%   40
  CONTROL   V + mean band (no per-instance info)   +1.087%     19.28%   40

  per-instance spread of tier counts: sd [13.738] (mean 13.738)  -- a constant band has sd ~ 0

  learned +1.816%  vs best control +1.003%  ->  *** DECORATIVE: a control matches the learned band ***
========================================================================
