numba cannot be imported and numba functions are disabled.
Probably the execution is slow.
Please install numba to gain a massive speedup.
(or if you prefer slow execution, set the flag numba=False to avoid this warning!)
[setup] case118: 192 inst, 144 train / 48 test | K=1 interleaved tiers, sizes [54] | HARD cuts
numba cannot be imported and numba functions are disabled.
Probably the execution is slow.
Please install numba to gain a massive speedup.
(or if you prefer slow execution, set the flag numba=False to avoid this warning!)
numba cannot be imported and numba functions are disabled.
Probably the execution is slow.
Please install numba to gain a massive speedup.
(or if you prefer slow execution, set the flag numba=False to avoid this warning!)
numba cannot be imported and numba functions are disabled.
Probably the execution is slow.
Please install numba to gain a massive speedup.
(or if you prefer slow execution, set the flag numba=False to avoid this warning!)
numba cannot be imported and numba functions are disabled.
Probably the execution is slow.
Please install numba to gain a massive speedup.
(or if you prefer slow execution, set the flag numba=False to avoid this warning!)
numba cannot be imported and numba functions are disabled.
Probably the execution is slow.
Please install numba to gain a massive speedup.
(or if you prefer slow execution, set the flag numba=False to avoid this warning!)
numba cannot be imported and numba functions are disabled.
Probably the execution is slow.
Please install numba to gain a massive speedup.
(or if you prefer slow execution, set the flag numba=False to avoid this warning!)
numba cannot be imported and numba functions are disabled.
Probably the execution is slow.
Please install numba to gain a massive speedup.
(or if you prefer slow execution, set the flag numba=False to avoid this warning!)
numba cannot be imported and numba functions are disabled.
Probably the execution is slow.
Please install numba to gain a massive speedup.
(or if you prefer slow execution, set the flag numba=False to avoid this warning!)
numba cannot be imported and numba functions are disabled.
Probably the execution is slow.
Please install numba to gain a massive speedup.
(or if you prefer slow execution, set the flag numba=False to avoid this warning!)
numba cannot be imported and numba functions are disabled.
Probably the execution is slow.
Please install numba to gain a massive speedup.
(or if you prefer slow execution, set the flag numba=False to avoid this warning!)
numba cannot be imported and numba functions are disabled.
Probably the execution is slow.
Please install numba to gain a massive speedup.
(or if you prefer slow execution, set the flag numba=False to avoid this warning!)
numba cannot be imported and numba functions are disabled.
Probably the execution is slow.
Please install numba to gain a massive speedup.
(or if you prefer slow execution, set the flag numba=False to avoid this warning!)
[net ] 187,373 params | outputs 237
[BASE] flat V, no cut: gap +10.378%  discrete 40.32%  n=48

[ep   0] train gap  +2.159%  fail 0/144  141.1s  counts [13.5] sd [0.01]
[ep  10] train gap  +0.969%  fail 0/144  117.0s  counts [12.6] sd [1.45]
[ep  20] train gap  +0.259%  fail 0/144  102.3s  counts [14.2] sd [2.59]
[ep  30] train gap  +0.117%  fail 0/144  133.2s  counts [14.] sd [2.44]
[ep  40] train gap  +0.109%  fail 0/144  125.5s  counts [14.1] sd [2.98]
[ep  50] train gap  +0.056%  fail 0/144  141.6s  counts [14.4] sd [2.39]
[ep  59] train gap  +0.045%  fail 0/144  191.3s  counts [14.8] sd [2.41]

========================================================================
[TEST] case118, 48 held out, K=1, HARD cuts
arm                                                gap   discrete    n
  baseline  flat V, no cut                    +10.378%     40.32%   48
  learned   V only (no cut)                   +12.613%     53.24%   48
  learned   V + LEARNED tier cuts              +0.052%      4.17%   48
  CONTROL   V + dummy band [0,0]               +9.217%     41.05%   48
  CONTROL   V + random band                   +10.228%     45.10%   48
  CONTROL   V + mean band (no per-instance info)   +0.579%      7.14%   48

  per-instance spread of tier counts: sd [2.664] (mean 2.664)  -- a constant band has sd ~ 0

  learned +0.052%  vs best control +0.579%  ->  LEARNED CUT IS REAL
========================================================================
