numba cannot be imported and numba functions are disabled.
Probably the execution is slow.
Please install numba to gain a massive speedup.
(or if you prefer slow execution, set the flag numba=False to avoid this warning!)
[setup] 151 instances -> 111 train / 40 test | ARM=vcard
[anchor] n_min 15-35 (mean 23.5)
numba cannot be imported and numba functions are disabled.
Probably the execution is slow.
Please install numba to gain a massive speedup.
(or if you prefer slow execution, set the flag numba=False to avoid this warning!)
numba cannot be imported and numba functions are disabled.
Probably the execution is slow.
Please install numba to gain a massive speedup.
(or if you prefer slow execution, set the flag numba=False to avoid this warning!)
numba cannot be imported and numba functions are disabled.
Probably the execution is slow.
Please install numba to gain a massive speedup.
(or if you prefer slow execution, set the flag numba=False to avoid this warning!)
numba cannot be imported and numba functions are disabled.
Probably the execution is slow.
Please install numba to gain a massive speedup.
(or if you prefer slow execution, set the flag numba=False to avoid this warning!)
numba cannot be imported and numba functions are disabled.
Probably the execution is slow.
Please install numba to gain a massive speedup.
(or if you prefer slow execution, set the flag numba=False to avoid this warning!)
numba cannot be imported and numba functions are disabled.
Probably the execution is slow.
Please install numba to gain a massive speedup.
(or if you prefer slow execution, set the flag numba=False to avoid this warning!)
numba cannot be imported and numba functions are disabled.
Probably the execution is slow.
Please install numba to gain a massive speedup.
(or if you prefer slow execution, set the flag numba=False to avoid this warning!)
numba cannot be imported and numba functions are disabled.
Probably the execution is slow.
Please install numba to gain a massive speedup.
(or if you prefer slow execution, set the flag numba=False to avoid this warning!)
numba cannot be imported and numba functions are disabled.
Probably the execution is slow.
Please install numba to gain a massive speedup.
(or if you prefer slow execution, set the flag numba=False to avoid this warning!)
numba cannot be imported and numba functions are disabled.
Probably the execution is slow.
Please install numba to gain a massive speedup.
(or if you prefer slow execution, set the flag numba=False to avoid this warning!)
numba cannot be imported and numba functions are disabled.
Probably the execution is slow.
Please install numba to gain a massive speedup.
(or if you prefer slow execution, set the flag numba=False to avoid this warning!)
numba cannot be imported and numba functions are disabled.
Probably the execution is slow.
Please install numba to gain a massive speedup.
(or if you prefer slow execution, set the flag numba=False to avoid this warning!)
[scale] label-free flat-V cost: mean 845,985
[BASE] flat V, no cut: gap +2.154%  agree 73.5%  8.16s/inst  fail 0/40

[net ] 374,362 params | outputs 602 (the old free-form cut head emitted 864)
[ep   0] train gap  +0.668%  fail 0/111  429.1s  band [24.0, 27.7]
[ep   5] train gap  +0.667%  fail 0/111  411.1s  band [24.0, 27.9]
[ep  10] train gap  +1.241%  fail 0/111  345.6s  band [24.0, 27.7]
[ep  15] train gap  +1.396%  fail 0/111  342.8s  band [23.7, 25.6]
[ep  20] train gap  +1.357%  fail 0/111  341.2s  band [23.5, 25.2]
[ep  25] train gap  +1.324%  fail 0/111  350.6s  band [23.5, 24.6]
[ep  30] train gap  +1.268%  fail 0/111  358.8s  band [23.5, 24.2]
[ep  35] train gap  +1.241%  fail 0/111  356.9s  band [23.4, 23.9]
[ep  39] train gap  +1.221%  fail 0/111  354.9s  band [23.3, 24.2]

======================================================================
[TEST] reference = QCAC iterative (== global MINLP)
  baseline  flat V, no cut           gap  +2.154%  agree  73.5%
  learned   arm=vcard                gap  +0.592%  agree  87.2%  fail 0/40
  7.91s/instance   selection score 0.9824 (label-free)
======================================================================
