numba cannot be imported and numba functions are disabled.
Probably the execution is slow.
Please install numba to gain a massive speedup.
(or if you prefer slow execution, set the flag numba=False to avoid this warning!)
[setup] case300: 151 inst, 111 train / 40 test | K=1 interleaved tiers, sizes [69] | HARD cuts
numba cannot be imported and numba functions are disabled.
Probably the execution is slow.
Please install numba to gain a massive speedup.
(or if you prefer slow execution, set the flag numba=False to avoid this warning!)
numba cannot be imported and numba functions are disabled.
Probably the execution is slow.
Please install numba to gain a massive speedup.
(or if you prefer slow execution, set the flag numba=False to avoid this warning!)
numba cannot be imported and numba functions are disabled.
Probably the execution is slow.
Please install numba to gain a massive speedup.
(or if you prefer slow execution, set the flag numba=False to avoid this warning!)
numba cannot be imported and numba functions are disabled.
Probably the execution is slow.
Please install numba to gain a massive speedup.
(or if you prefer slow execution, set the flag numba=False to avoid this warning!)
numba cannot be imported and numba functions are disabled.
Probably the execution is slow.
Please install numba to gain a massive speedup.
(or if you prefer slow execution, set the flag numba=False to avoid this warning!)
numba cannot be imported and numba functions are disabled.
Probably the execution is slow.
Please install numba to gain a massive speedup.
(or if you prefer slow execution, set the flag numba=False to avoid this warning!)
numba cannot be imported and numba functions are disabled.
Probably the execution is slow.
Please install numba to gain a massive speedup.
(or if you prefer slow execution, set the flag numba=False to avoid this warning!)
numba cannot be imported and numba functions are disabled.
Probably the execution is slow.
Please install numba to gain a massive speedup.
(or if you prefer slow execution, set the flag numba=False to avoid this warning!)
numba cannot be imported and numba functions are disabled.
Probably the execution is slow.
Please install numba to gain a massive speedup.
(or if you prefer slow execution, set the flag numba=False to avoid this warning!)
numba cannot be imported and numba functions are disabled.
Probably the execution is slow.
Please install numba to gain a massive speedup.
(or if you prefer slow execution, set the flag numba=False to avoid this warning!)
numba cannot be imported and numba functions are disabled.
Probably the execution is slow.
Please install numba to gain a massive speedup.
(or if you prefer slow execution, set the flag numba=False to avoid this warning!)
numba cannot be imported and numba functions are disabled.
Probably the execution is slow.
Please install numba to gain a massive speedup.
(or if you prefer slow execution, set the flag numba=False to avoid this warning!)
[net ] 374,105 params | outputs 601
[BASE] flat V, no cut: gap +2.155%  discrete 26.63%  n=40

[ep   0] train gap  +2.650%  fail 0/80  132.8s  counts [41.4] sd [0.02]
[ep  10] train gap  +1.187%  fail 0/80  101.3s  counts [38.7] sd [4.88]
[ep  20] train gap  +1.003%  fail 0/80  105.8s  counts [34.6] sd [6.4]
[ep  30] train gap  +0.689%  fail 0/80  113.9s  counts [32.3] sd [8.92]
[ep  40] train gap  +0.771%  fail 0/80  106.3s  counts [32.8] sd [9.42]
[ep  44] train gap  +0.613%  fail 0/80  128.9s  counts [32.1] sd [9.52]

========================================================================
[TEST] case300, 40 held out, K=1, HARD cuts
arm                                                gap   discrete    n
  baseline  flat V, no cut                     +2.155%     26.63%   40
  learned   V only (no cut)                    +1.501%     25.36%   40
  learned   V + LEARNED tier cuts              +1.119%     14.38%   40
  CONTROL   V + dummy band [0,0]               +1.063%     18.88%   40
  CONTROL   V + random band                    +1.926%     18.30%   40
  CONTROL   V + mean band (no per-instance info)   +2.184%     16.49%   40

  per-instance spread of tier counts: sd [8.394] (mean 8.394)  -- a constant band has sd ~ 0

  learned +1.119%  vs best control +1.063%  ->  *** DECORATIVE: a control matches the learned band ***
========================================================================
