numba cannot be imported and numba functions are disabled.
Probably the execution is slow.
Please install numba to gain a massive speedup.
(or if you prefer slow execution, set the flag numba=False to avoid this warning!)
[setup] case118: 192 inst, 144 train / 48 test | K=1 interleaved tiers, sizes [54] | HARD cuts
numba cannot be imported and numba functions are disabled.
Probably the execution is slow.
Please install numba to gain a massive speedup.
(or if you prefer slow execution, set the flag numba=False to avoid this warning!)
numba cannot be imported and numba functions are disabled.
Probably the execution is slow.
Please install numba to gain a massive speedup.
(or if you prefer slow execution, set the flag numba=False to avoid this warning!)
numba cannot be imported and numba functions are disabled.
Probably the execution is slow.
Please install numba to gain a massive speedup.
(or if you prefer slow execution, set the flag numba=False to avoid this warning!)
numba cannot be imported and numba functions are disabled.
Probably the execution is slow.
Please install numba to gain a massive speedup.
(or if you prefer slow execution, set the flag numba=False to avoid this warning!)
numba cannot be imported and numba functions are disabled.
Probably the execution is slow.
Please install numba to gain a massive speedup.
(or if you prefer slow execution, set the flag numba=False to avoid this warning!)
numba cannot be imported and numba functions are disabled.
Probably the execution is slow.
Please install numba to gain a massive speedup.
(or if you prefer slow execution, set the flag numba=False to avoid this warning!)
numba cannot be imported and numba functions are disabled.
Probably the execution is slow.
Please install numba to gain a massive speedup.
(or if you prefer slow execution, set the flag numba=False to avoid this warning!)
numba cannot be imported and numba functions are disabled.
Probably the execution is slow.
Please install numba to gain a massive speedup.
(or if you prefer slow execution, set the flag numba=False to avoid this warning!)
numba cannot be imported and numba functions are disabled.
Probably the execution is slow.
Please install numba to gain a massive speedup.
(or if you prefer slow execution, set the flag numba=False to avoid this warning!)
numba cannot be imported and numba functions are disabled.
Probably the execution is slow.
Please install numba to gain a massive speedup.
(or if you prefer slow execution, set the flag numba=False to avoid this warning!)
numba cannot be imported and numba functions are disabled.
Probably the execution is slow.
Please install numba to gain a massive speedup.
(or if you prefer slow execution, set the flag numba=False to avoid this warning!)
numba cannot be imported and numba functions are disabled.
Probably the execution is slow.
Please install numba to gain a massive speedup.
(or if you prefer slow execution, set the flag numba=False to avoid this warning!)
[net ] 187,373 params | outputs 237
[BASE] flat V, no cut: gap +10.564%  discrete 42.17%  n=48

[ep   0] train gap  +3.333%  fail 0/96   56.1s  counts [13.5] sd [0.01]
[ep  10] train gap  +1.552%  fail 0/96   50.3s  counts [12.4] sd [0.96]
[ep  20] train gap  +0.182%  fail 0/96   44.4s  counts [12.9] sd [1.12]
[ep  30] train gap  +0.073%  fail 0/96   44.3s  counts [14.3] sd [1.51]
[ep  40] train gap  +0.044%  fail 0/96   36.7s  counts [13.9] sd [2.11]
[ep  50] train gap  +0.055%  fail 0/96   44.6s  counts [14.2] sd [2.07]
[ep  59] train gap  +0.104%  fail 0/96   35.0s  counts [13.9] sd [2.04]

========================================================================
[TEST] case118, 48 held out, K=1, HARD cuts
arm                                                gap   discrete    n
  baseline  flat V, no cut                    +10.564%     42.17%   48
  learned   V only (no cut)                   +10.174%     50.31%   48
  learned   V + LEARNED tier cuts              +0.074%      4.82%   48
  CONTROL   V + dummy band [0,0]               +5.039%     28.82%   48
  CONTROL   V + random band                    +7.045%     35.26%   48
  CONTROL   V + mean band (no per-instance info)   +0.491%      5.59%   48

  per-instance spread of tier counts: sd [2.232] (mean 2.232)  -- a constant band has sd ~ 0

  learned +0.074%  vs best control +0.491%  ->  LEARNED CUT IS REAL
========================================================================
