numba cannot be imported and numba functions are disabled.
Probably the execution is slow.
Please install numba to gain a massive speedup.
(or if you prefer slow execution, set the flag numba=False to avoid this warning!)
[setup] case118: 192 inst, 144 train / 48 test | K=3 random tiers, sizes [18, 18, 18] | HARD cuts
numba cannot be imported and numba functions are disabled.
Probably the execution is slow.
Please install numba to gain a massive speedup.
(or if you prefer slow execution, set the flag numba=False to avoid this warning!)
numba cannot be imported and numba functions are disabled.
Probably the execution is slow.
Please install numba to gain a massive speedup.
(or if you prefer slow execution, set the flag numba=False to avoid this warning!)
numba cannot be imported and numba functions are disabled.
Probably the execution is slow.
Please install numba to gain a massive speedup.
(or if you prefer slow execution, set the flag numba=False to avoid this warning!)
numba cannot be imported and numba functions are disabled.
Probably the execution is slow.
Please install numba to gain a massive speedup.
(or if you prefer slow execution, set the flag numba=False to avoid this warning!)
numba cannot be imported and numba functions are disabled.
Probably the execution is slow.
Please install numba to gain a massive speedup.
(or if you prefer slow execution, set the flag numba=False to avoid this warning!)
numba cannot be imported and numba functions are disabled.
Probably the execution is slow.
Please install numba to gain a massive speedup.
(or if you prefer slow execution, set the flag numba=False to avoid this warning!)
numba cannot be imported and numba functions are disabled.
Probably the execution is slow.
Please install numba to gain a massive speedup.
(or if you prefer slow execution, set the flag numba=False to avoid this warning!)
numba cannot be imported and numba functions are disabled.
Probably the execution is slow.
Please install numba to gain a massive speedup.
(or if you prefer slow execution, set the flag numba=False to avoid this warning!)
numba cannot be imported and numba functions are disabled.
Probably the execution is slow.
Please install numba to gain a massive speedup.
(or if you prefer slow execution, set the flag numba=False to avoid this warning!)
numba cannot be imported and numba functions are disabled.
Probably the execution is slow.
Please install numba to gain a massive speedup.
(or if you prefer slow execution, set the flag numba=False to avoid this warning!)
numba cannot be imported and numba functions are disabled.
Probably the execution is slow.
Please install numba to gain a massive speedup.
(or if you prefer slow execution, set the flag numba=False to avoid this warning!)
numba cannot be imported and numba functions are disabled.
Probably the execution is slow.
Please install numba to gain a massive speedup.
(or if you prefer slow execution, set the flag numba=False to avoid this warning!)
[net ] 187,887 params | outputs 239
[BASE] flat V, no cut: gap +10.564%  discrete 42.17%  n=48

[ep   0] train gap  +4.243%  fail 0/96   59.9s  counts [4.5 4.5 4.5] sd [0.   0.01 0.  ]
[ep  10] train gap  +2.196%  fail 0/96   50.1s  counts [4.  4.6 4.2] sd [0.49 0.06 0.2 ]
[ep  20] train gap  +1.144%  fail 0/96   45.9s  counts [4.1 5.  4.6] sd [0.28 0.44 0.14]
[ep  30] train gap  +0.870%  fail 0/96   66.2s  counts [4.7 5.5 5. ] sd [0.47 1.35 0.38]
[ep  40] train gap  +0.967%  fail 0/96   60.5s  counts [4.5 5.6 4.9] sd [0.52 0.88 0.38]
[ep  50] train gap  +0.786%  fail 0/96   70.6s  counts [5.  5.6 4.9] sd [0.5  1.55 0.27]
[ep  59] train gap  +0.781%  fail 0/96   45.0s  counts [5.2 5.1 4.8] sd [0.91 0.69 0.18]

========================================================================
[TEST] case118, 48 held out, K=3, HARD cuts
arm                                                gap   discrete    n
  baseline  flat V, no cut                    +10.564%     42.17%   48
  learned   V only (no cut)                   +12.272%     58.80%   48
  learned   V + LEARNED tier cuts              +0.807%      9.99%   48
  CONTROL   V + dummy band [0,0]               +9.666%     45.41%   48
  CONTROL   V + random band                    +8.584%     39.70%   48
  CONTROL   V + mean band (no per-instance info)   +1.242%     10.88%   48

  per-instance spread of tier counts: sd [0.968 0.741 0.188] (mean 0.633)  -- a constant band has sd ~ 0

  learned +0.807%  vs best control +1.242%  ->  LEARNED CUT IS REAL
========================================================================
