numba cannot be imported and numba functions are disabled.
Probably the execution is slow.
Please install numba to gain a massive speedup.
(or if you prefer slow execution, set the flag numba=False to avoid this warning!)
[setup] case118: 192 inst, 144 train / 48 test | K=3 block tiers, sizes [18, 18, 18] | HARD cuts
numba cannot be imported and numba functions are disabled.
Probably the execution is slow.
Please install numba to gain a massive speedup.
(or if you prefer slow execution, set the flag numba=False to avoid this warning!)
numba cannot be imported and numba functions are disabled.
Probably the execution is slow.
Please install numba to gain a massive speedup.
(or if you prefer slow execution, set the flag numba=False to avoid this warning!)
numba cannot be imported and numba functions are disabled.
Probably the execution is slow.
Please install numba to gain a massive speedup.
(or if you prefer slow execution, set the flag numba=False to avoid this warning!)
numba cannot be imported and numba functions are disabled.
Probably the execution is slow.
Please install numba to gain a massive speedup.
(or if you prefer slow execution, set the flag numba=False to avoid this warning!)
numba cannot be imported and numba functions are disabled.
Probably the execution is slow.
Please install numba to gain a massive speedup.
(or if you prefer slow execution, set the flag numba=False to avoid this warning!)
numba cannot be imported and numba functions are disabled.
Probably the execution is slow.
Please install numba to gain a massive speedup.
(or if you prefer slow execution, set the flag numba=False to avoid this warning!)
numba cannot be imported and numba functions are disabled.
Probably the execution is slow.
Please install numba to gain a massive speedup.
(or if you prefer slow execution, set the flag numba=False to avoid this warning!)
numba cannot be imported and numba functions are disabled.
Probably the execution is slow.
Please install numba to gain a massive speedup.
(or if you prefer slow execution, set the flag numba=False to avoid this warning!)
numba cannot be imported and numba functions are disabled.
Probably the execution is slow.
Please install numba to gain a massive speedup.
(or if you prefer slow execution, set the flag numba=False to avoid this warning!)
numba cannot be imported and numba functions are disabled.
Probably the execution is slow.
Please install numba to gain a massive speedup.
(or if you prefer slow execution, set the flag numba=False to avoid this warning!)
numba cannot be imported and numba functions are disabled.
Probably the execution is slow.
Please install numba to gain a massive speedup.
(or if you prefer slow execution, set the flag numba=False to avoid this warning!)
numba cannot be imported and numba functions are disabled.
Probably the execution is slow.
Please install numba to gain a massive speedup.
(or if you prefer slow execution, set the flag numba=False to avoid this warning!)
[net ] 187,887 params | outputs 239
[BASE] flat V, no cut: gap +10.564%  discrete 42.17%  n=48

[ep   0] train gap  +6.504%  fail 0/96   70.8s  counts [4.5 4.5 4.5] sd [0.   0.01 0.  ]
[ep  10] train gap  +4.082%  fail 0/96   55.1s  counts [4.6 3.9 3.7] sd [2.07 0.41 0.85]
[ep  20] train gap  +1.782%  fail 0/96   45.8s  counts [6.2 3.1 2.9] sd [4.73 1.12 0.99]
[ep  30] train gap  +1.913%  fail 0/96   60.1s  counts [7.4 2.8 2.8] sd [6.27 1.38 1.06]
[ep  40] train gap  +1.659%  fail 0/96   78.7s  counts [7.8 2.7 3. ] sd [6.05 1.36 0.92]
[ep  50] train gap  +1.412%  fail 0/96   48.7s  counts [7.8 1.9 2.3] sd [6.96 1.35 1.17]
[ep  59] train gap  +1.511%  fail 0/96   52.6s  counts [8.3 1.8 2.7] sd [7.35 1.39 1.02]

========================================================================
[TEST] case118, 48 held out, K=3, HARD cuts
arm                                                gap   discrete    n
  baseline  flat V, no cut                    +10.564%     42.17%   48
  learned   V only (no cut)                    +9.757%     48.73%   48
  learned   V + LEARNED tier cuts              +1.757%     13.66%   48
  CONTROL   V + dummy band [0,0]               +6.491%     33.64%   48
  CONTROL   V + random band                    +9.914%     40.93%   48
  CONTROL   V + mean band (no per-instance info)   +3.224%     17.82%   48

  per-instance spread of tier counts: sd [7.021 1.292 1.148] (mean 3.154)  -- a constant band has sd ~ 0

  learned +1.757%  vs best control +3.224%  ->  LEARNED CUT IS REAL
========================================================================
