numba cannot be imported and numba functions are disabled.
Probably the execution is slow.
Please install numba to gain a massive speedup.
(or if you prefer slow execution, set the flag numba=False to avoid this warning!)
[setup] 112 instances -> 88 train / 24 test | ARM=vcard
[anchor] n_min 5-10 (mean 7.5)
numba cannot be imported and numba functions are disabled.
Probably the execution is slow.
Please install numba to gain a massive speedup.
(or if you prefer slow execution, set the flag numba=False to avoid this warning!)
numba cannot be imported and numba functions are disabled.
Probably the execution is slow.
Please install numba to gain a massive speedup.
(or if you prefer slow execution, set the flag numba=False to avoid this warning!)
numba cannot be imported and numba functions are disabled.
Probably the execution is slow.
Please install numba to gain a massive speedup.
(or if you prefer slow execution, set the flag numba=False to avoid this warning!)
[BASE] flat V, no cut: gap +10.384%  agree 56.8%  0.61s/inst  fail 0/24

[net ] 187,630 params | outputs 238 (the old free-form cut head emitted 864)
[ep   0] train gap  +4.112%  fail 0/88  124.4s  band [10.5, 14.5]
[ep   5] train gap  +0.971%  fail 0/88   89.3s  band [10.7, 14.3]
[ep  10] train gap  +1.337%  fail 0/88   74.5s  band [11.0, 13.6]
[ep  15] train gap  +0.650%  fail 0/88   73.1s  band [10.9, 13.5]
[ep  20] train gap  +0.588%  fail 0/88  100.0s  band [11.1, 13.4]
[ep  25] train gap  +0.674%  fail 0/88   62.6s  band [10.9, 13.4]
[ep  30] train gap  +0.430%  fail 0/88   68.2s  band [10.8, 13.3]
[ep  35] train gap  +0.369%  fail 0/88   92.0s  band [10.8, 13.3]
[ep  40] train gap  +0.750%  fail 0/88   54.3s  band [10.9, 13.2]
[ep  45] train gap  +0.860%  fail 0/88   54.7s  band [10.6, 12.7]
[ep  49] train gap  +0.544%  fail 0/88   67.2s  band [10.5, 12.5]

======================================================================
[TEST] reference = QCAC iterative (== global MINLP)
  baseline  flat V, no cut           gap +10.384%  agree  56.8%
  learned   arm=vcard                gap  +0.200%  agree  94.4%  fail 0/24
  0.36s/instance   best train gap +0.260%
======================================================================
