numba cannot be imported and numba functions are disabled.
Probably the execution is slow.
Please install numba to gain a massive speedup.
(or if you prefer slow execution, set the flag numba=False to avoid this warning!)
[setup] 112 instances -> 88 train / 24 test | ARM=v
[anchor] n_min 5-10 (mean 7.5)
numba cannot be imported and numba functions are disabled.
Probably the execution is slow.
Please install numba to gain a massive speedup.
(or if you prefer slow execution, set the flag numba=False to avoid this warning!)
numba cannot be imported and numba functions are disabled.
Probably the execution is slow.
Please install numba to gain a massive speedup.
(or if you prefer slow execution, set the flag numba=False to avoid this warning!)
numba cannot be imported and numba functions are disabled.
Probably the execution is slow.
Please install numba to gain a massive speedup.
(or if you prefer slow execution, set the flag numba=False to avoid this warning!)
[BASE] flat V, no cut: gap +10.384%  agree 56.8%  0.59s/inst  fail 0/24

[net ] 187,630 params | outputs 236 (the old free-form cut head emitted 864)
[ep   0] train gap +10.932%  fail 0/88  157.7s
[ep   5] train gap  +5.450%  fail 0/88  102.9s
[ep  10] train gap  +3.712%  fail 0/88   71.2s
[ep  15] train gap  +3.099%  fail 0/88   57.5s
[ep  20] train gap  +2.367%  fail 0/88   55.2s
[ep  25] train gap  +3.039%  fail 0/88   57.2s
[ep  30] train gap  +1.964%  fail 0/88   54.5s
[ep  35] train gap  +1.171%  fail 0/88   57.0s
[ep  40] train gap  +0.953%  fail 0/88   59.4s
[ep  45] train gap  +1.519%  fail 0/88   59.5s
[ep  49] train gap  +2.496%  fail 0/88   49.8s

======================================================================
[TEST] reference = QCAC iterative (== global MINLP)
  baseline  flat V, no cut           gap +10.384%  agree  56.8%
  learned   arm=v                    gap  +0.938%  agree  89.4%  fail 0/24
  0.31s/instance   best train gap +0.935%
======================================================================
