numba cannot be imported and numba functions are disabled.
Probably the execution is slow.
Please install numba to gain a massive speedup.
(or if you prefer slow execution, set the flag numba=False to avoid this warning!)
numba cannot be imported and numba functions are disabled.
Probably the execution is slow.
Please install numba to gain a massive speedup.
(or if you prefer slow execution, set the flag numba=False to avoid this warning!)
numba cannot be imported and numba functions are disabled.
Probably the execution is slow.
Please install numba to gain a massive speedup.
(or if you prefer slow execution, set the flag numba=False to avoid this warning!)
numba cannot be imported and numba functions are disabled.
Probably the execution is slow.
Please install numba to gain a massive speedup.
(or if you prefer slow execution, set the flag numba=False to avoid this warning!)
numba cannot be imported and numba functions are disabled.
Probably the execution is slow.
Please install numba to gain a massive speedup.
(or if you prefer slow execution, set the flag numba=False to avoid this warning!)
numba cannot be imported and numba functions are disabled.
Probably the execution is slow.
Please install numba to gain a massive speedup.
(or if you prefer slow execution, set the flag numba=False to avoid this warning!)
numba cannot be imported and numba functions are disabled.
Probably the execution is slow.
Please install numba to gain a massive speedup.
(or if you prefer slow execution, set the flag numba=False to avoid this warning!)
Set parameter Username
Set parameter Username
Set parameter Username
Set parameter Username
Set parameter Username
Set parameter Username
Academic license - for non-commercial use only - expires 2027-01-17
Academic license - for non-commercial use only - expires 2027-01-17
Academic license - for non-commercial use only - expires 2027-01-17
Academic license - for non-commercial use only - expires 2027-01-17
Academic license - for non-commercial use only - expires 2027-01-17
Academic license - for non-commercial use only - expires 2027-01-17
[ref s0]  1/40
[ref s0]  2/40
[ref s0]  3/40
[ref s0]  4/40
[ref s0]  5/40
[ref s0]  6/40
[ref s0]  7/40
[ref s0]  8/40
[ref s0]  9/40
[ref s0] 10/40
[ref s0] 11/40
[ref s0] 12/40
[ref s0] 13/40
[ref s0] 14/40
[ref s0] 15/40
[ref s0] 16/40
[ref s0] 17/40
[ref s0] 18/40
[ref s0] 19/40
[ref s0] 20/40
[ref s0] 21/40
[ref s0] 22/40
[ref s0] 23/40
[ref s0] 24/40
[ref s0] 25/40
[ref s0] 26/40
[ref s0] 27/40
[ref s0] 28/40
[ref s0] 29/40
[ref s0] 30/40
[ref s0] 31/40
[ref s0] 32/40
[ref s0] 33/40
[ref s0] 34/40
[ref s0] 35/40
[ref s0] 36/40
[ref s0] 37/40
[ref s0] 38/40
[ref s0] 39/40
[ref s0] 40/40
[ref s0] 40/40 solved, 23 distinct, 1557s
