numba cannot be imported and numba functions are disabled.
Probably the execution is slow.
Please install numba to gain a massive speedup.
(or if you prefer slow execution, set the flag numba=False to avoid this warning!)
numba cannot be imported and numba functions are disabled.
Probably the execution is slow.
Please install numba to gain a massive speedup.
(or if you prefer slow execution, set the flag numba=False to avoid this warning!)
numba cannot be imported and numba functions are disabled.
Probably the execution is slow.
Please install numba to gain a massive speedup.
(or if you prefer slow execution, set the flag numba=False to avoid this warning!)
numba cannot be imported and numba functions are disabled.
Probably the execution is slow.
Please install numba to gain a massive speedup.
(or if you prefer slow execution, set the flag numba=False to avoid this warning!)
numba cannot be imported and numba functions are disabled.
Probably the execution is slow.
Please install numba to gain a massive speedup.
(or if you prefer slow execution, set the flag numba=False to avoid this warning!)
numba cannot be imported and numba functions are disabled.
Probably the execution is slow.
Please install numba to gain a massive speedup.
(or if you prefer slow execution, set the flag numba=False to avoid this warning!)
numba cannot be imported and numba functions are disabled.
Probably the execution is slow.
Please install numba to gain a massive speedup.
(or if you prefer slow execution, set the flag numba=False to avoid this warning!)
Set parameter Username
Academic license - for non-commercial use only - expires 2027-01-17
Set parameter Username
Set parameter Username
Set parameter Username
Academic license - for non-commercial use only - expires 2027-01-17
Academic license - for non-commercial use only - expires 2027-01-17
Academic license - for non-commercial use only - expires 2027-01-17
Set parameter Username
Academic license - for non-commercial use only - expires 2027-01-17
Set parameter Username
Academic license - for non-commercial use only - expires 2027-01-17
[ref s1]  1/40
[ref s1]  2/40
[ref s1]  3/40
[ref s1]  4/40
[ref s1]  5/40
[ref s1]  6/40
[ref s1]  7/40
[ref s1]  8/40
[ref s1]  9/40
[ref s1] 10/40
[ref s1] 11/40
[ref s1] 12/40
[ref s1] 13/40
[ref s1] 14/40
[ref s1] 15/40
[ref s1] 16/40
[ref s1] 17/40
[ref s1] 18/40
[ref s1] 19/40
[ref s1] 20/40
[ref s1] 21/40
[ref s1] 22/40
[ref s1] 23/40
[ref s1] 24/40
[ref s1] 25/40
[ref s1] 26/40
[ref s1] 27/40
[ref s1] 28/40
[ref s1] 29/40
[ref s1] 30/40
[ref s1] 31/40
[ref s1] 32/40
[ref s1] 33/40
[ref s1] 34/40
[ref s1] 35/40
[ref s1] 36/40
[ref s1] 37/40
[ref s1] 38/40
[ref s1] 39/40
[ref s1] 40/40
[ref s1] 40/40 solved, 21 distinct, 1240s
