numba cannot be imported and numba functions are disabled.
Probably the execution is slow.
Please install numba to gain a massive speedup.
(or if you prefer slow execution, set the flag numba=False to avoid this warning!)
numba cannot be imported and numba functions are disabled.
Probably the execution is slow.
Please install numba to gain a massive speedup.
(or if you prefer slow execution, set the flag numba=False to avoid this warning!)
numba cannot be imported and numba functions are disabled.
Probably the execution is slow.
Please install numba to gain a massive speedup.
(or if you prefer slow execution, set the flag numba=False to avoid this warning!)
numba cannot be imported and numba functions are disabled.
Probably the execution is slow.
Please install numba to gain a massive speedup.
(or if you prefer slow execution, set the flag numba=False to avoid this warning!)
numba cannot be imported and numba functions are disabled.
Probably the execution is slow.
Please install numba to gain a massive speedup.
(or if you prefer slow execution, set the flag numba=False to avoid this warning!)
numba cannot be imported and numba functions are disabled.
Probably the execution is slow.
Please install numba to gain a massive speedup.
(or if you prefer slow execution, set the flag numba=False to avoid this warning!)
numba cannot be imported and numba functions are disabled.
Probably the execution is slow.
Please install numba to gain a massive speedup.
(or if you prefer slow execution, set the flag numba=False to avoid this warning!)
Set parameter Username
Set parameter Username
Academic license - for non-commercial use only - expires 2027-01-17
Set parameter Username
Set parameter Username
Academic license - for non-commercial use only - expires 2027-01-17
Academic license - for non-commercial use only - expires 2027-01-17
Set parameter Username
Academic license - for non-commercial use only - expires 2027-01-17
Set parameter Username
Academic license - for non-commercial use only - expires 2027-01-17
Academic license - for non-commercial use only - expires 2027-01-17
[ref s2]  1/40
[ref s2]  2/40
[ref s2]  3/40
[ref s2]  4/40
[ref s2]  5/40
[ref s2]  6/40
[ref s2]  7/40
[ref s2]  8/40
[ref s2]  9/40
[ref s2] 10/40
[ref s2] 11/40
[ref s2] 12/40
[ref s2] 13/40
[ref s2] 14/40
[ref s2] 15/40
[ref s2] 16/40
[ref s2] 17/40
[ref s2] 18/40
[ref s2] 19/40
[ref s2] 20/40
[ref s2] 21/40
[ref s2] 22/40
[ref s2] 23/40
[ref s2] 24/40
[ref s2] 25/40
[ref s2] 26/40
[ref s2] 27/40
[ref s2] 28/40
[ref s2] 29/40
[ref s2] 30/40
[ref s2] 31/40
[ref s2] 32/40
[ref s2] 33/40
[ref s2] 34/40
[ref s2] 35/40
[ref s2] 36/40
[ref s2] 37/40
[ref s2] 38/40
[ref s2] 39/40
[ref s2] 40/40
[ref s2] 40/40 solved, 19 distinct, 1318s
