numba cannot be imported and numba functions are disabled.
Probably the execution is slow.
Please install numba to gain a massive speedup.
(or if you prefer slow execution, set the flag numba=False to avoid this warning!)
case300: re-timing 15 reference solves, sequential, 12 threads

Set parameter Username
Academic license - for non-commercial use only - expires 2027-01-17
   1/15    393.7s   running median   393.7s
   2/15    425.6s   running median   409.7s
   3/15     94.3s   running median   393.7s
   4/15    293.3s   running median   343.5s
   5/15    177.2s   running median   293.3s
   6/15     63.0s   running median   235.2s
   7/15    174.0s   running median   177.2s
   8/15    108.8s   running median   175.6s
   9/15     96.0s   running median   174.0s
  10/15     86.2s   running median   141.4s
  11/15    108.1s   running median   108.8s
  12/15     75.9s   running median   108.5s
  13/15    240.5s   running median   108.8s
  14/15     84.5s   running median   108.5s
  15/15    316.2s   running median   108.8s

  median 108.8s   IQR 90.2-266.9s   mean 182.5s   n=15
  wrote results/reftime_case300.json
