numba cannot be imported and numba functions are disabled.
Probably the execution is slow.
Please install numba to gain a massive speedup.
(or if you prefer slow execution, set the flag numba=False to avoid this warning!)
case118: re-timing 15 reference solves, sequential, 12 threads

Set parameter Username
Academic license - for non-commercial use only - expires 2027-01-17
   1/15     69.7s   running median    69.7s
   2/15     42.7s   running median    56.2s
   3/15     47.0s   running median    47.0s
   4/15     72.0s   running median    58.3s
   5/15    118.2s   running median    69.7s
   6/15     30.8s   running median    58.3s
   7/15     32.1s   running median    47.0s
   8/15     62.8s   running median    54.9s
   9/15     51.7s   running median    51.7s
  10/15     39.5s   running median    49.3s
  11/15     31.1s   running median    47.0s
  12/15     58.5s   running median    49.3s
  13/15     32.4s   running median    47.0s
  14/15     28.7s   running median    44.8s
  15/15     67.5s   running median    47.0s

  median 47.0s   IQR 32.2-65.2s   mean 52.3s   n=15
  wrote results/reftime_case118.json
