numba cannot be imported and numba functions are disabled.
Probably the execution is slow.
Please install numba to gain a massive speedup.
(or if you prefer slow execution, set the flag numba=False to avoid this warning!)
[setup] case118: 118 bus, 54 gen, 186 branch | 24 train / 16 test | K=8 cuts
[setup] demand 34.2-48.6 pu, CV 11.14%
[ref ] cached /Users/parthbrahmbhatt/Library/CloudStorage/OneDrive-UW-Madison/All_Sem_@_UW/Sem6_spring2026/MINLP/Project/PyEPO/qcac_clean/results/ref_case118_s1_n40.npz
[ref ] 40/40 solved, 21 distinct commitments, mean 170.3s, mean units 14.8
numba cannot be imported and numba functions are disabled.
Probably the execution is slow.
Please install numba to gain a massive speedup.
(or if you prefer slow execution, set the flag numba=False to avoid this warning!)
numba cannot be imported and numba functions are disabled.
Probably the execution is slow.
Please install numba to gain a massive speedup.
(or if you prefer slow execution, set the flag numba=False to avoid this warning!)
numba cannot be imported and numba functions are disabled.
Probably the execution is slow.
Please install numba to gain a massive speedup.
(or if you prefer slow execution, set the flag numba=False to avoid this warning!)

[BASE] flat V, no cuts: gap +10.468% (max +14.710%)  agree 58.0%  0.63s/inst  fail 0/16   [4s]

[net ] 189,780 params | smoothed grad, sigma=0.05, pairs=2 | ARM=both (V learned, cuts on)
[ep   0] train gap +10.767%  fail 0/24  |g| 1.49e-01   26.7s
[ep   5] train gap  +9.585%  fail 0/24  |g| 1.34e-01   31.2s
[ep  10] train gap  +8.988%  fail 0/24  |g| 1.76e-01   39.0s
[ep  15] train gap  +5.330%  fail 0/24  |g| 1.15e-01   15.5s
[ep  20] train gap  +4.770%  fail 0/24  |g| 1.20e-01   24.6s
[ep  25] train gap  +4.566%  fail 0/24  |g| 7.94e-02   17.5s
[ep  30] train gap  +3.577%  fail 0/24  |g| 8.01e-02   15.3s
[ep  35] train gap  +3.344%  fail 0/24  |g| 7.45e-02   15.3s
[ep  40] train gap  +3.139%  fail 0/24  |g| 7.67e-02   14.9s
[ep  45] train gap  +2.488%  fail 0/24  |g| 7.36e-02   15.1s
[ep  50] train gap  +1.779%  fail 0/24  |g| 7.55e-02   16.2s
[ep  55] train gap  +1.902%  fail 0/24  |g| 6.89e-02   18.2s
[ep  59] train gap  +1.412%  fail 0/24  |g| 8.50e-02   17.6s

==================================================================
[TEST] reference = QCAC iterative (== global MINLP)
  baseline  flat V, no cuts        gap +10.468%  agree  58.0%  fail 0/16
  learned   arm=both               gap  +1.177%  agree  84.5%  fail 0/16
  best train gap +1.412%
==================================================================
