numba cannot be imported and numba functions are disabled.
Probably the execution is slow.
Please install numba to gain a massive speedup.
(or if you prefer slow execution, set the flag numba=False to avoid this warning!)
[setup] case118: 118 bus, 54 gen, 186 branch | 24 train / 16 test | K=8 cuts
[setup] demand 34.2-48.6 pu, CV 11.14%
[ref ] cached /Users/parthbrahmbhatt/Library/CloudStorage/OneDrive-UW-Madison/All_Sem_@_UW/Sem6_spring2026/MINLP/Project/PyEPO/qcac_clean/results/ref_case118_s1_n40.npz
[ref ] 40/40 solved, 21 distinct commitments, mean 170.3s, mean units 14.8
numba cannot be imported and numba functions are disabled.
Probably the execution is slow.
Please install numba to gain a massive speedup.
(or if you prefer slow execution, set the flag numba=False to avoid this warning!)
numba cannot be imported and numba functions are disabled.
Probably the execution is slow.
Please install numba to gain a massive speedup.
(or if you prefer slow execution, set the flag numba=False to avoid this warning!)
numba cannot be imported and numba functions are disabled.
Probably the execution is slow.
Please install numba to gain a massive speedup.
(or if you prefer slow execution, set the flag numba=False to avoid this warning!)

[BASE] flat V, no cuts: gap +10.468% (max +14.710%)  agree 58.0%  0.63s/inst  fail 0/16   [4s]

[net ] 189,780 params | smoothed grad, sigma=0.05, pairs=2 | ARM=v (V learned, cuts OFF)
[ep   0] train gap +10.854%  fail 0/24  |g| 1.70e-01   41.9s
[ep   5] train gap  +9.464%  fail 0/24  |g| 1.72e-01   32.4s
[ep  10] train gap  +6.187%  fail 0/24  |g| 1.39e-01   26.8s
[ep  15] train gap  +4.386%  fail 0/24  |g| 7.35e-02   15.1s
[ep  20] train gap  +3.728%  fail 0/24  |g| 7.93e-02   23.3s
[ep  25] train gap  +2.799%  fail 0/24  |g| 7.32e-02   18.5s
[ep  30] train gap  +2.272%  fail 0/24  |g| 7.46e-02   15.4s
[ep  35] train gap  +2.397%  fail 0/24  |g| 7.30e-02   16.2s
[ep  40] train gap  +2.370%  fail 0/24  |g| 6.63e-02   15.1s
[ep  45] train gap  +1.555%  fail 0/24  |g| 7.01e-02   15.7s
[ep  50] train gap  +1.330%  fail 0/24  |g| 5.71e-02   16.7s
[ep  55] train gap  +1.443%  fail 0/24  |g| 7.72e-02   18.5s
[ep  59] train gap  +0.989%  fail 0/24  |g| 5.77e-02   12.6s

==================================================================
[TEST] reference = QCAC iterative (== global MINLP)
  baseline  flat V, no cuts        gap +10.468%  agree  58.0%  fail 0/16
  learned   arm=v                  gap  +0.885%  agree  85.4%  fail 0/16
  best train gap +0.989%
==================================================================
