numba cannot be imported and numba functions are disabled.
Probably the execution is slow.
Please install numba to gain a massive speedup.
(or if you prefer slow execution, set the flag numba=False to avoid this warning!)
[setup] case118: 118 bus, 54 gen, 186 branch | 24 train / 16 test | K=8 cuts
[setup] demand 34.2-49.0 pu, CV 10.53%
[ref ] cached /Users/parthbrahmbhatt/Library/CloudStorage/OneDrive-UW-Madison/All_Sem_@_UW/Sem6_spring2026/MINLP/Project/PyEPO/qcac_clean/results/ref_case118_s2_n40.npz
[ref ] 40/40 solved, 19 distinct commitments, mean 185.2s, mean units 14.4
numba cannot be imported and numba functions are disabled.
Probably the execution is slow.
Please install numba to gain a massive speedup.
(or if you prefer slow execution, set the flag numba=False to avoid this warning!)
numba cannot be imported and numba functions are disabled.
Probably the execution is slow.
Please install numba to gain a massive speedup.
(or if you prefer slow execution, set the flag numba=False to avoid this warning!)
numba cannot be imported and numba functions are disabled.
Probably the execution is slow.
Please install numba to gain a massive speedup.
(or if you prefer slow execution, set the flag numba=False to avoid this warning!)

[BASE] flat V, no cuts: gap +10.497% (max +12.328%)  agree 56.9%  0.61s/inst  fail 0/16   [3s]

[net ] 189,780 params | smoothed grad, sigma=0.05, pairs=2 | ARM=v (V learned, cuts OFF)
[ep   0] train gap +11.174%  fail 0/24  |g| 1.52e-01   28.5s
[ep   5] train gap +10.139%  fail 0/24  |g| 1.54e-01   29.8s
[ep  10] train gap  +5.754%  fail 0/24  |g| 1.55e-01   21.6s
[ep  15] train gap  +3.604%  fail 0/24  |g| 1.17e-01   24.2s
[ep  20] train gap  +2.551%  fail 0/24  |g| 9.43e-02   16.9s
[ep  25] train gap  +3.158%  fail 0/24  |g| 8.17e-02   17.9s
[ep  30] train gap  +1.858%  fail 0/24  |g| 6.98e-02   17.5s
[ep  35] train gap  +1.304%  fail 0/24  |g| 6.15e-02   21.6s
[ep  40] train gap  +1.208%  fail 0/24  |g| 5.39e-02   15.3s
[ep  45] train gap  +1.479%  fail 0/24  |g| 7.22e-02   16.3s
[ep  50] train gap  +1.219%  fail 0/24  |g| 6.39e-02   15.5s
[ep  55] train gap  +1.072%  fail 0/24  |g| 8.25e-02   20.0s
[ep  59] train gap  +0.997%  fail 0/24  |g| 6.08e-02   18.8s

==================================================================
[TEST] reference = QCAC iterative (== global MINLP)
  baseline  flat V, no cuts        gap +10.497%  agree  56.9%  fail 0/16
  learned   arm=v                  gap  +0.742%  agree  89.4%  fail 0/16
  best train gap +0.909%
==================================================================
