numba cannot be imported and numba functions are disabled.
Probably the execution is slow.
Please install numba to gain a massive speedup.
(or if you prefer slow execution, set the flag numba=False to avoid this warning!)
[setup] case118: 192 inst, 144 train / 48 test | K=3 tiers of sizes [18, 18, 18] | HARD cuts
numba cannot be imported and numba functions are disabled.
Probably the execution is slow.
Please install numba to gain a massive speedup.
(or if you prefer slow execution, set the flag numba=False to avoid this warning!)
numba cannot be imported and numba functions are disabled.
Probably the execution is slow.
Please install numba to gain a massive speedup.
(or if you prefer slow execution, set the flag numba=False to avoid this warning!)
numba cannot be imported and numba functions are disabled.
Probably the execution is slow.
Please install numba to gain a massive speedup.
(or if you prefer slow execution, set the flag numba=False to avoid this warning!)
numba cannot be imported and numba functions are disabled.
Probably the execution is slow.
Please install numba to gain a massive speedup.
(or if you prefer slow execution, set the flag numba=False to avoid this warning!)
numba cannot be imported and numba functions are disabled.
Probably the execution is slow.
Please install numba to gain a massive speedup.
(or if you prefer slow execution, set the flag numba=False to avoid this warning!)
numba cannot be imported and numba functions are disabled.
Probably the execution is slow.
Please install numba to gain a massive speedup.
(or if you prefer slow execution, set the flag numba=False to avoid this warning!)
numba cannot be imported and numba functions are disabled.
Probably the execution is slow.
Please install numba to gain a massive speedup.
(or if you prefer slow execution, set the flag numba=False to avoid this warning!)
numba cannot be imported and numba functions are disabled.
Probably the execution is slow.
Please install numba to gain a massive speedup.
(or if you prefer slow execution, set the flag numba=False to avoid this warning!)
numba cannot be imported and numba functions are disabled.
Probably the execution is slow.
Please install numba to gain a massive speedup.
(or if you prefer slow execution, set the flag numba=False to avoid this warning!)
numba cannot be imported and numba functions are disabled.
Probably the execution is slow.
Please install numba to gain a massive speedup.
(or if you prefer slow execution, set the flag numba=False to avoid this warning!)
numba cannot be imported and numba functions are disabled.
Probably the execution is slow.
Please install numba to gain a massive speedup.
(or if you prefer slow execution, set the flag numba=False to avoid this warning!)
numba cannot be imported and numba functions are disabled.
Probably the execution is slow.
Please install numba to gain a massive speedup.
(or if you prefer slow execution, set the flag numba=False to avoid this warning!)
[net ] 187,887 params | outputs 239
[BASE] flat V, no cut: gap +10.564%  discrete 42.17%  n=48

[ep   0] train gap  +4.010%  fail 0/96   53.2s  counts [4.5 4.5 4.5] sd [0.   0.01 0.  ]
[ep   5] train gap  +2.234%  fail 0/96   55.0s  counts [4.4 4.4 4.3] sd [0.48 0.07 0.45]
[ep  10] train gap  +1.628%  fail 0/96   54.2s  counts [4.  4.3 4. ] sd [0.56 0.26 0.42]
[ep  15] train gap  +1.536%  fail 0/96   61.8s  counts [4.1 4.6 3.8] sd [0.33 0.28 0.47]
[ep  20] train gap  +1.255%  fail 0/96   55.5s  counts [4.2 4.6 3.8] sd [0.36 0.11 0.7 ]
[ep  25] train gap  +0.731%  fail 0/96   51.3s  counts [4.5 5.  3.7] sd [0.49 0.44 0.77]
[ep  30] train gap  +0.786%  fail 0/96   70.3s  counts [5.4 5.5 4.1] sd [1.22 1.09 0.61]
[ep  35] train gap  +0.499%  fail 0/96   59.7s  counts [5.6 5.4 4.1] sd [1.38 0.77 0.36]
[ep  40] train gap  +0.394%  fail 0/96   52.8s  counts [5.5 4.9 4.3] sd [1.11 0.2  0.44]
[ep  45] train gap  +0.475%  fail 0/96   67.9s  counts [5.7 4.9 4.8] sd [1.41 0.29 1.18]
[ep  50] train gap  +0.425%  fail 0/96   54.9s  counts [5.5 4.9 4.5] sd [1.28 0.38 1.18]
[ep  55] train gap  +0.372%  fail 0/96   52.9s  counts [5.1 4.9 4.1] sd [0.96 0.29 0.9 ]
[ep  59] train gap  +0.348%  fail 0/96   53.9s  counts [5.1 5.2 4.1] sd [1.09 0.36 0.92]

========================================================================
[TEST] case118, 48 held out, K=3, HARD cuts
arm                                                gap   discrete    n
  baseline  flat V, no cut                    +10.564%     42.17%   48
  learned   V only (no cut)                   +10.469%     51.85%   48
  learned   V + LEARNED tier cuts              +0.355%      6.44%   48
  CONTROL   V + dummy band [0,0]               +4.868%     29.90%   48
  CONTROL   V + random band                    +7.154%     36.38%   48
  CONTROL   V + mean band (no per-instance info)   +0.856%      7.83%   48

  per-instance spread of tier counts: sd [1.15  0.393 0.928] (mean 0.824)  -- a constant band has sd ~ 0

  learned +0.355%  vs best control +0.856%  ->  LEARNED CUT IS REAL
========================================================================
