numba cannot be imported and numba functions are disabled.
Probably the execution is slow.
Please install numba to gain a massive speedup.
(or if you prefer slow execution, set the flag numba=False to avoid this warning!)
B. how predictable are tier counts from total demand?
  K=1: per-tier |error| mean 0.65  max 1.58   total-count |error| 0.65 units
  K=3: per-tier |error| mean 0.41  max 2.21   total-count |error| 1.24 units
  K=5: per-tier |error| mean 0.34  max 1.87   total-count |error| 1.68 units
  K=8: per-tier |error| mean 0.25  max 1.55   total-count |error| 1.97 units

A. tier counts TIGHT but MISPLACED (the error a network makes)
   moderate V error, hard cuts
family / tier-count error            n   discrete   continuous       gap
no cut                              24      8.02%       13.20%    0.923%
K=1  tier error sd=0.0              24      4.71%        9.87%    0.489%
K=1  tier error sd=0.7              24      4.78%        7.29%    0.289%
K=3  tier error sd=0.0              24      3.01%        5.52%    0.184%
K=3  tier error sd=0.5              24      3.70%        6.33%    0.303%
K=3  tier error sd=0.7              24      5.17%       10.05%    0.658%
K=3  tier error sd=1.0              24      5.56%       12.78%    0.998%
K=5  tier error sd=0.0              24      2.85%        6.50%    0.464%
K=5  tier error sd=0.5              24      4.94%       12.63%    0.802%
K=5  tier error sd=0.7              24      5.17%       12.18%    0.798%
