numba cannot be imported and numba functions are disabled.
Probably the execution is slow.
Please install numba to gain a massive speedup.
(or if you prefer slow execution, set the flag numba=False to avoid this warning!)
[setup] case118: 192 inst, 144 train / 48 test | K=3 tiers of sizes [18, 18, 18] | HARD cuts
numba cannot be imported and numba functions are disabled.
Probably the execution is slow.
Please install numba to gain a massive speedup.
(or if you prefer slow execution, set the flag numba=False to avoid this warning!)
numba cannot be imported and numba functions are disabled.
Probably the execution is slow.
Please install numba to gain a massive speedup.
(or if you prefer slow execution, set the flag numba=False to avoid this warning!)
numba cannot be imported and numba functions are disabled.
Probably the execution is slow.
Please install numba to gain a massive speedup.
(or if you prefer slow execution, set the flag numba=False to avoid this warning!)
numba cannot be imported and numba functions are disabled.
Probably the execution is slow.
Please install numba to gain a massive speedup.
(or if you prefer slow execution, set the flag numba=False to avoid this warning!)
numba cannot be imported and numba functions are disabled.
Probably the execution is slow.
Please install numba to gain a massive speedup.
(or if you prefer slow execution, set the flag numba=False to avoid this warning!)
numba cannot be imported and numba functions are disabled.
Probably the execution is slow.
Please install numba to gain a massive speedup.
(or if you prefer slow execution, set the flag numba=False to avoid this warning!)
numba cannot be imported and numba functions are disabled.
Probably the execution is slow.
Please install numba to gain a massive speedup.
(or if you prefer slow execution, set the flag numba=False to avoid this warning!)
numba cannot be imported and numba functions are disabled.
Probably the execution is slow.
Please install numba to gain a massive speedup.
(or if you prefer slow execution, set the flag numba=False to avoid this warning!)
numba cannot be imported and numba functions are disabled.
Probably the execution is slow.
Please install numba to gain a massive speedup.
(or if you prefer slow execution, set the flag numba=False to avoid this warning!)
numba cannot be imported and numba functions are disabled.
Probably the execution is slow.
Please install numba to gain a massive speedup.
(or if you prefer slow execution, set the flag numba=False to avoid this warning!)
numba cannot be imported and numba functions are disabled.
Probably the execution is slow.
Please install numba to gain a massive speedup.
(or if you prefer slow execution, set the flag numba=False to avoid this warning!)
numba cannot be imported and numba functions are disabled.
Probably the execution is slow.
Please install numba to gain a massive speedup.
(or if you prefer slow execution, set the flag numba=False to avoid this warning!)
[net ] 187,887 params | outputs 239
[BASE] flat V, no cut: gap +10.672%  discrete 43.06%  n=48

[ep   0] train gap  +4.322%  fail 0/48   15.2s  counts [4.5 4.5 4.5] sd [0.   0.01 0.  ]
[ep   2] train gap  +3.502%  fail 0/48   17.1s  counts [4.4 4.4 4.4] sd [0.05 0.13 0.13]
[ep   4] train gap  +2.540%  fail 0/48   15.1s  counts [4.3 4.5 4.3] sd [0.51 0.48 0.56]
[ep   6] train gap  +2.628%  fail 0/48   14.5s  counts [3.9 4.4 3.9] sd [0.84 0.68 0.81]
[ep   8] train gap  +3.522%  fail 0/48   27.5s  counts [3.8 4.1 3.7] sd [0.54 0.69 0.64]
[ep  10] train gap  +3.607%  fail 0/48   15.7s  counts [4.3 4.6 4.1] sd [0.33 0.87 0.25]
[ep  12] train gap  +4.462%  fail 0/48   18.0s  counts [4.7 5.5 4.1] sd [0.63 1.95 0.27]
[ep  14] train gap  +3.918%  fail 0/48   14.9s  counts [4.7 5.3 3.7] sd [0.55 1.1  0.88]
[ep  16] train gap  +3.146%  fail 0/48   15.4s  counts [5.1 4.8 3.3] sd [0.76 0.32 1.17]
[ep  18] train gap  +2.477%  fail 0/48   14.9s  counts [5.5 4.7 3.8] sd [1.1  0.83 0.94]
[ep  20] train gap  +2.195%  fail 0/48   13.8s  counts [5.8 4.8 4.3] sd [1.22 1.08 0.76]
[ep  22] train gap  +1.990%  fail 0/48   13.7s  counts [5.9 5.3 4.9] sd [1.77 1.92 1.16]
[ep  24] train gap  +2.638%  fail 0/48   16.8s  counts [6.3 6.2 5.3] sd [2.71 2.59 1.69]
[ep  26] train gap  +2.133%  fail 0/48   23.0s  counts [5.7 5.9 5.2] sd [2.56 2.12 1.18]
[ep  28] train gap  +3.162%  fail 0/48   25.2s  counts [5.1 5.4 5.2] sd [1.72 1.09 0.54]
[ep  30] train gap  +3.734%  fail 0/48   23.8s  counts [4.8 5.4 5.3] sd [1.08 0.66 1.01]
[ep  32] train gap  +2.947%  fail 0/48   22.8s  counts [4.6 5.4 5.7] sd [1.19 0.58 1.15]
[ep  34] train gap  +3.614%  fail 0/48   32.7s  counts [4.3 4.7 5.4] sd [1.04 0.82 0.71]
[ep  36] train gap  +3.203%  fail 0/48   25.0s  counts [4.9 4.7 5.1] sd [0.81 1.01 0.58]
[ep  38] train gap  +3.524%  fail 0/48   18.0s  counts [5.6 5.  5.1] sd [0.94 0.63 0.55]
[ep  39] train gap  +3.867%  fail 0/48   13.1s  counts [6.  5.1 5.3] sd [1.44 0.54 0.59]

========================================================================
[TEST] case118, 48 held out, K=3, HARD cuts
arm                                                gap   discrete    n
  baseline  flat V, no cut                    +10.672%     43.06%   48
  learned   V only (no cut)                   +12.678%     61.65%   48
  learned   V + LEARNED tier cuts              +2.491%     17.55%   48
  CONTROL   V + dummy band [0,0]               +9.780%     49.77%   48
  CONTROL   V + random band                    +9.065%     42.48%   48
  CONTROL   V + mean band (no per-instance info)   +2.828%     19.95%   48

  per-instance spread of tier counts: sd [2.548 2.498 1.573] (mean 2.206)  -- a constant band has sd ~ 0

  learned +2.491%  vs best control +2.828%  ->  LEARNED CUT IS REAL
========================================================================
