numba cannot be imported and numba functions are disabled.
Probably the execution is slow.
Please install numba to gain a massive speedup.
(or if you prefer slow execution, set the flag numba=False to avoid this warning!)
case118: 118 bus / 186 branch / 54 gen   load 42.43 pu
lifted-variable bounds:  c_ii in [0.000, 4.000]   |c_ij|,|s_ij| <= 4.000
Set parameter Username
Academic license - for non-commercial use only - expires 2027-01-17
convex relaxation  LOWER BOUND 152,299.9   11.9s  (888 vars, 558 quadratic)
tightened:  c_ii in [0.8836, 1.1236]   |c_ij|,|s_ij| <= 1.1236
  LOWER BOUND 154,696.2  (was 152,299.9, +1.57%)   120.0s
OBBT: 65 bounds tightened, mean c_ii width 0.2400 -> 0.2288 (4.7% narrower)   25s
  attempt 0: 11 units infeasible, adding 3 -> 14
  attempt 1: 14 units infeasible, adding 3 -> 17
  attempt 2: 17 units -> FEASIBLE, obj 169,077.4  (138s)
warm start: 17 units on -> UPPER BOUND 169,077.4   138s

BRACKET:  [154,696.2, 169,077.4]   gap 8.51%

FULL MINLP  status 9  600s  solutions 3
  INCUMBENT   164,101.4   (warm start was 169,077.4, -2.94%)
  BOUND       163,699.6   (relaxation gave 154,696.2)
  MIP GAP     0.245%
  units on    14 of 54
  fuel 138,207.8 (84.2%)  no-load 25,893.6 (15.8%)
  generation  43.58 pu vs load 42.43 pu  (losses 2.69%)
  saved results/global_minlp_case118_inst0.npz
