numba cannot be imported and numba functions are disabled.
Probably the execution is slow.
Please install numba to gain a massive speedup.
(or if you prefer slow execution, set the flag numba=False to avoid this warning!)
case118 instance 0: load 42.43 pu
GLOBAL MINLP reference: 164,101.4  (14 units on, MIP gap 0.245%)
Set parameter Username
Academic license - for non-commercial use only - expires 2027-01-17
  it  1  rho   1.0e+03  slack    0.377864  cost    163,985.8  units  14      21s
  it  2  rho   4.0e+03  slack    0.003941  cost    164,101.6  units  14      39s
  it  3  rho   1.6e+04  slack    0.000005  cost    164,101.5  units  14      42s

QCAC iterative finished: 3 iterations, 42s, final slack 5.43e-06, 14 units on
true AC cost of the QCAC commitment: 164,101.4  (300s, status 9)

================================================================
method                                cost       gap  units    time
----------------------------------------------------------------
GLOBAL MINLP (reference)         164,101.4        --     14    600s
QCAC iterative (Can Li)          164,101.4    0.000%     14     42s
================================================================
commitment agreement: 54/54 generators (100.0%)   QCAC 14 on vs global 14 on
